MPLINK 4.48, Linker
Linker Map File - Created Sat Feb 07 17:08:57 2015

                                 Section Info
                  Section       Type    Address   Location Size(Bytes)
                ---------  ---------  ---------  ---------  ---------
               _entry_scn       code   0x000000    program   0x000006
           .code___init.o       code   0x000006    program   0x000002
              high_vector       code   0x000008    program   0x00002a
                   .cinit    romdata   0x000032    program   0x000062
              .code_MMD.o       code   0x000094    program   0x001a10
    .code_mbfuncholding.o       code   0x001aa4    program   0x000952
     .code_digitdisplay.o       code   0x0023f6    program   0x000652
               .code_mb.o       code   0x002a48    program   0x000648
      .code_mbfunccoils.o       code   0x003090    program   0x000620
            .code_mbrtu.o       code   0x0036b0    program   0x00052c
          .code_mbutils.o       code   0x003bdc    program   0x0003a8
            .code_timer.o       code   0x003f84    program   0x00039e
              .code_app.o       code   0x004322    program   0x000342
           .romdata_MMD.o    romdata   0x004664    program   0x000330
       .code_portserial.o       code   0x004994    program   0x0002cc
       .code_mbfuncdisc.o       code   0x004c60    program   0x000274
      .code_mbfuncinput.o       code   0x004ed4    program   0x00025c
         .romdata_mbcrc.o    romdata   0x005130    program   0x000200
      .code_mbfuncother.o       code   0x005330    program   0x000170
            .code_mbcrc.o       code   0x0054a0    program   0x0000fc
        .code_porttimer.o       code   0x00559c    program   0x0000f6
            .code_board.o       code   0x005692    program   0x0000d8
             .code_main.o       code   0x00576a    program   0x0000ac
                   STRING       code   0x005816    program   0x0000a6
               _cinit_scn       code   0x0058bc    program   0x00009e
           .code_u1open.o       code   0x00595a    program   0x000084
        .code_portevent.o       code   0x0059de    program   0x000062
         .code_fxd3232u.o       code   0x005a40    program   0x000048
           .code_t3open.o       code   0x005a88    program   0x000042
           .code_t1open.o       code   0x005aca    program   0x000042
           .code_u1read.o       code   0x005b0c    program   0x00003e
                     PROG       code   0x005b4a    program   0x00003c
          .code_t3write.o       code   0x005b86    program   0x000038
          .code_t1write.o       code   0x005bbe    program   0x000038
          .code_t0write.o       code   0x005bf6    program   0x000038
           .code_t0open.o       code   0x005c2e    program   0x000038
         .code_fxd1616u.o       code   0x005c66    program   0x00002c
              D1KTCYXCODE       code   0x005c92    program   0x000020
                    .code       code   0x005cb2    program   0x000020
        .code_heartBeat.o       code   0x005cd2    program   0x00001e
             _startup_scn       code   0x005cf0    program   0x00001c
              D10TCYXCODE       code   0x005d0c    program   0x000016
               mmd_data_i    romdata   0x005d22    program   0x0000b6
           DISPLAY_DATA_i    romdata   0x005dd8    program   0x000033
               APP_DATA_i    romdata   0x005e0b    program   0x00003d
        .romdata_u1open.o    romdata   0x005e48    program   0x000000
   .romdata_mbfunccoils.o    romdata   0x005e48    program   0x000000
.romdata_interruptvector.o    romdata   0x005e48    program   0x000000
        .idata_u1open.o_i    romdata   0x005e48    program   0x000000
    .romdata_mbfuncdisc.o    romdata   0x005e48    program   0x000000
     .romdata_heartBeat.o    romdata   0x005e48    program   0x000000
 .romdata_mbfuncholding.o    romdata   0x005e48    program   0x000000
       .romdata_t3write.o    romdata   0x005e48    program   0x000000
   .romdata_mbfuncinput.o    romdata   0x005e48    program   0x000000
  .romdata_digitdisplay.o    romdata   0x005e48    program   0x000000
      .romdata_fxd3232u.o    romdata   0x005e48    program   0x000000
   .romdata_mbfuncother.o    romdata   0x005e48    program   0x000000
         .romdata_board.o    romdata   0x005e48    program   0x000000
        .romdata___init.o    romdata   0x005e48    program   0x000000
       .romdata_mbutils.o    romdata   0x005e48    program   0x000000
             .stringtable    romdata   0x005e48    program   0x000000
           .romdata_app.o    romdata   0x005e48    program   0x000000
         .romdata_c018i.o    romdata   0x005e48    program   0x000000
      .romdata_fxd1616u.o    romdata   0x005e48    program   0x000000
         .idata_timer.o_i    romdata   0x005e48    program   0x00001c
         .romdata_timer.o    romdata   0x005e48    program   0x000000
        .romdata_t3open.o    romdata   0x005e48    program   0x000000
        .romdata_t1open.o    romdata   0x005e48    program   0x000000
            .romdata_mb.o    romdata   0x005e48    program   0x000000
        .idata_u1read.o_i    romdata   0x005e48    program   0x000000
     .romdata_portevent.o    romdata   0x005e48    program   0x000000
        .romdata_u1read.o    romdata   0x005e48    program   0x000000
        .idata_u1defs.o_i    romdata   0x005e48    program   0x000000
    .romdata_portserial.o    romdata   0x005e48    program   0x000000
        .romdata_u1defs.o    romdata   0x005e48    program   0x000000
        .romdata_t0open.o    romdata   0x005e48    program   0x000000
     .romdata_porttimer.o    romdata   0x005e48    program   0x000000
       .romdata_t0write.o    romdata   0x005e48    program   0x000000
          .romdata_main.o    romdata   0x005e48    program   0x000000
         .romdata_mbrtu.o    romdata   0x005e48    program   0x000000
       .romdata_t1write.o    romdata   0x005e48    program   0x000000
       .idata_t0write.o_i    romdata   0x005e64    program   0x000000
       .idata_t3write.o_i    romdata   0x005e64    program   0x000000
        .idata_t1open.o_i    romdata   0x005e64    program   0x000000
        .idata_t0open.o_i    romdata   0x005e64    program   0x000000
       .idata_t1write.o_i    romdata   0x005e64    program   0x000000
        .idata_t3open.o_i    romdata   0x005e64    program   0x000000
       .idata_mbutils.o_i    romdata   0x005e64    program   0x000000
         .idata_mbrtu.o_i    romdata   0x005e64    program   0x000002
     .idata_porttimer.o_i    romdata   0x005e64    program   0x000000
    .idata_portserial.o_i    romdata   0x005e64    program   0x000000
     .idata_portevent.o_i    romdata   0x005e64    program   0x000000
   .idata_mbfuncother.o_i    romdata   0x005e66    program   0x000000
   .idata_mbfuncinput.o_i    romdata   0x005e66    program   0x000000
 .idata_mbfuncholding.o_i    romdata   0x005e66    program   0x000000
    .idata_mbfuncdisc.o_i    romdata   0x005e66    program   0x000000
   .idata_mbfunccoils.o_i    romdata   0x005e66    program   0x000000
         .idata_mbcrc.o_i    romdata   0x005e66    program   0x000000
            .idata_mb.o_i    romdata   0x005e66    program   0x000041
          .idata_main.o_i    romdata   0x005ea7    program   0x000000
.idata_interruptvector.o_i    romdata   0x005ea7    program   0x000000
     .idata_heartBeat.o_i    romdata   0x005ea7    program   0x000001
  .idata_digitdisplay.o_i    romdata   0x005ea8    program   0x00000b
      .idata_fxd3232u.o_i    romdata   0x005ea8    program   0x000000
      .idata_fxd1616u.o_i    romdata   0x005ea8    program   0x000000
           .idata_app.o_i    romdata   0x005eb3    program   0x000000
         .idata_board.o_i    romdata   0x005eb3    program   0x000000
        .idata___init.o_i    romdata   0x005eb3    program   0x000000
         .idata_c018i.o_i    romdata   0x005eb3    program   0x000000
           .idata_MMD.o_i    romdata   0x005eb3    program   0x000000
           .code_u1defs.o       code   0x005eb4    program   0x000000
  .code_interruptvector.o       code   0x005eb4    program   0x000000
            .code_c018i.o       code   0x005eb4    program   0x000000
    .config_300001_main.o    romdata   0x300001    program   0x000001
    .config_300002_main.o    romdata   0x300002    program   0x000001
    .config_300003_main.o    romdata   0x300003    program   0x000001
    .config_300004_main.o    romdata   0x300004    program   0x000001
    .config_300005_main.o    romdata   0x300005    program   0x000001
    .config_300006_main.o    romdata   0x300006    program   0x000001
    .config_300008_main.o    romdata   0x300008    program   0x000001
    .config_300009_main.o    romdata   0x300009    program   0x000001
    .config_30000a_main.o    romdata   0x30000a    program   0x000001
    .config_30000b_main.o    romdata   0x30000b    program   0x000001
    .config_30000c_main.o    romdata   0x30000c    program   0x000001
    .config_30000d_main.o    romdata   0x30000d    program   0x000001
                MATH_DATA      udata   0x000000       data   0x000014
                 .tmpdata      udata   0x000014       data   0x00000a
                DELAYDAT1      udata   0x00001e       data   0x000001
              .idata_mb.o      idata   0x000060       data   0x000041
             DISPLAY_DATA      idata   0x0000a1       data   0x000033
              .udata_mb.o      udata   0x0000d4       data   0x000027
       .udata_porttimer.o      udata   0x0000fb       data   0x000002
       .udata_portevent.o      udata   0x0000fd       data   0x000002
          .udata_u1defs.o      udata   0x0000ff       data   0x000001
                 APP_DATA      idata   0x000100       data   0x00003d
     .udata_mbfuncother.o      udata   0x00013d       data   0x000022
           .idata_timer.o      idata   0x00015f       data   0x00001c
    .idata_digitdisplay.o      idata   0x00017b       data   0x00000b
           .udata_c018i.o      udata   0x000186       data   0x00000a
           .idata_mbrtu.o      idata   0x000190       data   0x000002
           .udata_board.o      udata   0x000192       data   0x000001
       .idata_heartBeat.o      idata   0x000193       data   0x000001
         .udata_t1write.o      udata   0x000194       data   0x000000
     .idata_mbfuncother.o      idata   0x000194       data   0x000000
         .udata_mbutils.o      udata   0x000194       data   0x000000
         .idata_mbutils.o      idata   0x000194       data   0x000000
          .idata___init.o      idata   0x000194       data   0x000000
        .udata_fxd1616u.o      udata   0x000194       data   0x000000
        .idata_fxd1616u.o      idata   0x000194       data   0x000000
        .udata_fxd3232u.o      udata   0x000194       data   0x000000
        .idata_fxd3232u.o      idata   0x000194       data   0x000000
          .udata_u1open.o      udata   0x000194       data   0x000000
          .idata_u1open.o      idata   0x000194       data   0x000000
          .udata_t0open.o      udata   0x000194       data   0x000000
          .udata___init.o      udata   0x000194       data   0x000000
          .idata_t0open.o      idata   0x000194       data   0x000000
          .udata_t1open.o      udata   0x000194       data   0x000000
          .idata_t1open.o      idata   0x000194       data   0x000000
         .idata_t3write.o      idata   0x000194       data   0x000000
         .udata_t3write.o      udata   0x000194       data   0x000000
          .udata_t3open.o      udata   0x000194       data   0x000000
          .idata_t3open.o      idata   0x000194       data   0x000000
          .udata_u1read.o      udata   0x000194       data   0x000000
          .idata_u1read.o      idata   0x000194       data   0x000000
         .idata_t1write.o      idata   0x000194       data   0x000000
          .idata_u1defs.o      idata   0x000194       data   0x000000
         .udata_t0write.o      udata   0x000194       data   0x000000
         .idata_t0write.o      idata   0x000194       data   0x000000
           .idata_c018i.o      idata   0x000194       data   0x000000
             .udata_app.o      udata   0x000194       data   0x000000
             .idata_app.o      idata   0x000194       data   0x000000
           .idata_board.o      idata   0x000194       data   0x000000
    .udata_digitdisplay.o      udata   0x000194       data   0x000000
       .udata_heartBeat.o      udata   0x000194       data   0x000000
 .udata_interruptvector.o      udata   0x000194       data   0x000000
 .idata_interruptvector.o      idata   0x000194       data   0x000000
            .udata_main.o      udata   0x000194       data   0x000000
            .idata_main.o      idata   0x000194       data   0x000000
             .udata_MMD.o      udata   0x000194       data   0x000000
             .idata_MMD.o      idata   0x000194       data   0x000000
           .udata_timer.o      udata   0x000194       data   0x000000
       .idata_portevent.o      idata   0x000194       data   0x000000
      .udata_portserial.o      udata   0x000194       data   0x000000
     .idata_mbfuncinput.o      idata   0x000194       data   0x000000
     .udata_mbfuncinput.o      udata   0x000194       data   0x000000
   .idata_mbfuncholding.o      idata   0x000194       data   0x000000
   .udata_mbfuncholding.o      udata   0x000194       data   0x000000
      .idata_mbfuncdisc.o      idata   0x000194       data   0x000000
      .udata_mbfuncdisc.o      udata   0x000194       data   0x000000
     .idata_mbfunccoils.o      idata   0x000194       data   0x000000
     .udata_mbfunccoils.o      udata   0x000194       data   0x000000
           .udata_mbrtu.o      udata   0x000194       data   0x000000
           .idata_mbcrc.o      idata   0x000194       data   0x000000
           .udata_mbcrc.o      udata   0x000194       data   0x000000
       .idata_porttimer.o      idata   0x000194       data   0x000000
      .idata_portserial.o      idata   0x000194       data   0x000000
                 RTU_DATA      udata   0x000200       data   0x000100
                 mmd_data      idata   0x000300       data   0x0000b6
                   .stack      udata   0x000e00       data   0x000100
            SFR_UNBANKED0      udata   0x000f62       data   0x00009e



                              Program Memory Usage 
                               Start         End      
                           ---------   ---------      
                            0x000000    0x005eb2      
                            0x300001    0x300006      
                            0x300008    0x30000d      
            24255 out of 132120 program addresses used, program memory utilization is 18%



                              Symbols - Sorted by Name
                     Name    Address   Location    Storage File                     
                ---------  ---------  ---------  --------- ---------                
                 APP_init   0x004322    program     extern C:\Users\JO\Desktop\Firmware\source\app.c
                 APP_task   0x004486    program     extern C:\Users\JO\Desktop\Firmware\source\app.c
                 BRD_init   0x005692    program     extern C:\Users\JO\Desktop\Firmware\source\board.c
                    D10_1   0x005d1c    program     static E:\c18v3.46\pic18-lt\cxx-framework\src\traditional\delays\d10tcyx.asm
                     D10x   0x005d14    program     static E:\c18v3.46\pic18-lt\cxx-framework\src\traditional\delays\d10tcyx.asm
                    D1K_1   0x005c9e    program     static E:\c18v3.46\pic18-lt\cxx-framework\src\traditional\delays\d1ktcyx.asm
                     D1Kx   0x005c9c    program     static E:\c18v3.46\pic18-lt\cxx-framework\src\traditional\delays\d1ktcyx.asm
              Delay10TCYx   0x005d0c    program     extern E:\c18v3.46\pic18-lt\cxx-framework\src\traditional\delays\d10tcyx.asm
              Delay1KTCYx   0x005c92    program     extern E:\c18v3.46\pic18-lt\cxx-framework\src\traditional\delays\d1ktcyx.asm
       DigitDisplay_DotOn   0x002830    program     extern C:\Users\JO\Desktop\Firmware\source\digitdisplay.c
    DigitDisplay_blinkOff   0x00277c    program     extern C:\Users\JO\Desktop\Firmware\source\digitdisplay.c
     DigitDisplay_blinkOn   0x002742    program     extern C:\Users\JO\Desktop\Firmware\source\digitdisplay.c
 DigitDisplay_blinkOn_ind   0x0029aa    program     extern C:\Users\JO\Desktop\Firmware\source\digitdisplay.c
       DigitDisplay_clear   0x00278c    program     extern C:\Users\JO\Desktop\Firmware\source\digitdisplay.c
        DigitDisplay_init   0x0023f6    program     extern C:\Users\JO\Desktop\Firmware\source\digitdisplay.c
        DigitDisplay_task   0x0024f6    program     extern C:\Users\JO\Desktop\Firmware\source\digitdisplay.c
DigitDisplay_updateBuffer   0x0025d0    program     extern C:\Users\JO\Desktop\Firmware\source\digitdisplay.c
DigitDisplay_updateBufferBinary   0x002668    program     extern C:\Users\JO\Desktop\Firmware\source\digitdisplay.c
DigitDisplay_updateBufferPartial   0x0028dc    program     extern C:\Users\JO\Desktop\Firmware\source\digitdisplay.c
 DigitDisplay_updateDigit   0x0026be    program     extern C:\Users\JO\Desktop\Firmware\source\digitdisplay.c
         EnableInterrupts   0x00002a    program     extern C:\Users\JO\Desktop\Firmware\source\interruptvector.c
                 FXD1616U   0x005c66    program     extern E:\c18v3.46\pic18-lt\cxx-framework\src\traditional\math\fxd1616u.c
                 FXD3232U   0x005a40    program     extern E:\c18v3.46\pic18-lt\cxx-framework\src\traditional\math\fxd3232u.c
                 FXM1616U   0x005b4a    program     extern E:\c18v3.46\pic18-lt\cxx-framework\src\traditional\math\fxm1616u.asm
             FontTable5x7   0x004664    program     extern C:\Users\JO\Desktop\Firmware\source\MMD.c
               GetAppTime   0x0042d2    program     extern C:\Users\JO\Desktop\Firmware\source\timer.c
                  HB_init   0x005cd2    program     extern C:\Users\JO\Desktop\Firmware\source\heartBeat.c
                  HB_task   0x005cd8    program     extern C:\Users\JO\Desktop\Firmware\source\heartBeat.c
         MMD_changeSymbol   0x000c68    program     extern C:\Users\JO\Desktop\Firmware\source\MMD.c
         MMD_clearSegment   0x000e3e    program     extern C:\Users\JO\Desktop\Firmware\source\MMD.c
        MMD_configSegment   0x0003a8    program     extern C:\Users\JO\Desktop\Firmware\source\MMD.c
                 MMD_init   0x000142    program     extern C:\Users\JO\Desktop\Firmware\source\MMD.c
       MMD_refreshDisplay   0x001826    program     extern C:\Users\JO\Desktop\Firmware\source\MMD.c
       MMD_setScrollSpeed   0x000c10    program     extern C:\Users\JO\Desktop\Firmware\source\MMD.c
                 MMD_task   0x001080    program     extern C:\Users\JO\Desktop\Firmware\source\MMD.c
               Open1USART   0x00595a    program     extern E:\c18v3.46\pic18-lt\cxx-framework\src\pmc_common\USART\u1open.c
               OpenTimer0   0x005c2e    program     extern E:\c18v3.46\pic18-lt\cxx-framework\src\pmc_common\Timers\t0open.c
               OpenTimer1   0x005aca    program     extern E:\c18v3.46\pic18-lt\cxx-framework\src\pmc_common\Timers\t1open.c
               OpenTimer3   0x005a88    program     extern E:\c18v3.46\pic18-lt\cxx-framework\src\pmc_common\Timers\t3open.c
               Read1USART   0x005b0c    program     extern E:\c18v3.46\pic18-lt\cxx-framework\src\pmc_common\USART\u1read.c
                 TMR0_ISR   0x003f84    program     extern C:\Users\JO\Desktop\Firmware\source\timer.c
                TMR0_init   0x0041fe    program     extern C:\Users\JO\Desktop\Firmware\source\timer.c
                 TMR1_ISR   0x00408a    program     extern C:\Users\JO\Desktop\Firmware\source\timer.c
                TMR1_init   0x004244    program     extern C:\Users\JO\Desktop\Firmware\source\timer.c
                 TMR3_ISR   0x004144    program     extern C:\Users\JO\Desktop\Firmware\source\timer.c
                TMR3_init   0x00428c    program     extern C:\Users\JO\Desktop\Firmware\source\timer.c
       WriteDataToDisplay   0x001a54    program     extern C:\Users\JO\Desktop\Firmware\source\MMD.c
              WriteTimer0   0x005bf6    program     extern E:\c18v3.46\pic18-lt\cxx-framework\src\pmc_common\Timers\t0write.c
              WriteTimer1   0x005bbe    program     extern E:\c18v3.46\pic18-lt\cxx-framework\src\pmc_common\Timers\t1write.c
              WriteTimer3   0x005b86    program     extern E:\c18v3.46\pic18-lt\cxx-framework\src\pmc_common\Timers\t3write.c
              _2jContinue   0x00588c    program     static E:\c18v3.46\pic18-lt\cxx-framework\src\traditional\stdclib\memset.asm
                   _3jEnd   0x005896    program     static E:\c18v3.46\pic18-lt\cxx-framework\src\traditional\stdclib\memset.asm
              _4jContinue   0x00584a    program     static E:\c18v3.46\pic18-lt\cxx-framework\src\traditional\stdclib\memcpy.asm
                   _5jEnd   0x005854    program     static E:\c18v3.46\pic18-lt\cxx-framework\src\traditional\stdclib\memcpy.asm
        _D10TCYXCODE_000A   0x005d16    program     static E:\c18v3.46\pic18-lt\cxx-framework\src\traditional\delays\d10tcyx.asm
        _D10TCYXCODE_000C   0x005d18    program     static E:\c18v3.46\pic18-lt\cxx-framework\src\traditional\delays\d10tcyx.asm
        _D10TCYXCODE_000E   0x005d1a    program     static E:\c18v3.46\pic18-lt\cxx-framework\src\traditional\delays\d10tcyx.asm
        _D1KTCYXCODE_0010   0x005ca2    program     static E:\c18v3.46\pic18-lt\cxx-framework\src\traditional\delays\d1ktcyx.asm
        _D1KTCYXCODE_0016   0x005ca8    program     static E:\c18v3.46\pic18-lt\cxx-framework\src\traditional\delays\d1ktcyx.asm
           ___if_lbl00001   0x000010    program     static                          
           ___if_lbl00002   0x000018    program     static                          
           ___if_lbl00003   0x000020    program     static                          
           ___if_lbl00004   0x000028    program     static                          
       ___return_lbl00000   0x000028    program     static                          
       ___return_lbl00000   0x005a86    program     static                          
       ___return_lbl00000   0x005c90    program     static                          
       ___return_lbl00000   0x000004    program     static                          
       ___return_lbl00001   0x005d0a    program     static                          
       ___return_lbl00002   0x005958    program     static                          
       ___return_lbl00009   0x000bf8    program     static                          
               __config_0   0x300001    program     static C:\Users\JO\Desktop\Firmware\source\main.c
               __config_1   0x300002    program     static C:\Users\JO\Desktop\Firmware\source\main.c
              __config_10   0x30000c    program     static C:\Users\JO\Desktop\Firmware\source\main.c
              __config_11   0x30000d    program     static C:\Users\JO\Desktop\Firmware\source\main.c
               __config_2   0x300003    program     static C:\Users\JO\Desktop\Firmware\source\main.c
               __config_3   0x300004    program     static C:\Users\JO\Desktop\Firmware\source\main.c
               __config_4   0x300005    program     static C:\Users\JO\Desktop\Firmware\source\main.c
               __config_5   0x300006    program     static C:\Users\JO\Desktop\Firmware\source\main.c
               __config_6   0x300008    program     static C:\Users\JO\Desktop\Firmware\source\main.c
               __config_7   0x300009    program     static C:\Users\JO\Desktop\Firmware\source\main.c
               __config_8   0x30000a    program     static C:\Users\JO\Desktop\Firmware\source\main.c
               __config_9   0x30000b    program     static C:\Users\JO\Desktop\Firmware\source\main.c
                   __init   0x000006    program     extern E:\c18v3.46\pic18-lt\cxx-framework\src\traditional\stdclib\__init.c
            __zero_memory   0x005cb2    program     extern E:\c18v3.46\pic18-lt\cxx-framework\src\traditional\proc\p18f8722.asm
                _do_cinit   0x0058bc    program     extern E:\c18v3.46\pic18-lt\cxx-framework\src\traditional\startup\c018i.c
                   _entry   0x000000    program     extern E:\c18v3.46\pic18-lt\cxx-framework\src\traditional\startup\c018i.c
                   _false   0x005a82    program     static                          
                 _startup   0x005cf0    program     extern E:\c18v3.46\pic18-lt\cxx-framework\src\traditional\startup\c018i.c
                 aucCRCHi   0x005130    program     static C:\Users\JO\Desktop\Firmware\modbus\rtu\mbcrc.c
                 aucCRCLo   0x005230    program     static C:\Users\JO\Desktop\Firmware\modbus\rtu\mbcrc.c
                 clearBit   0x00010a    program     static C:\Users\JO\Desktop\Firmware\source\MMD.c
                compare_l   0x005cc8    program     static E:\c18v3.46\pic18-lt\cxx-framework\src\traditional\proc\p18f8722.asm
                copy_loop   0x00592e    program     static                          
            copy_one_byte   0x005934    program     static                          
                     done   0x005958    program     static                          
             done_copying   0x005942    program     static                          
                 eMBClose   0x002d82    program     extern C:\Users\JO\Desktop\Firmware\modbus\mb.c
               eMBDisable   0x002e00    program     extern C:\Users\JO\Desktop\Firmware\modbus\mb.c
                eMBEnable   0x002dc4    program     extern C:\Users\JO\Desktop\Firmware\modbus\mb.c
         eMBFuncReadCoils   0x003090    program     extern C:\Users\JO\Desktop\Firmware\modbus\functions\mbfunccoils.c
eMBFuncReadDiscreteInputs   0x004c60    program     extern C:\Users\JO\Desktop\Firmware\modbus\functions\mbfuncdisc.c
eMBFuncReadHoldingRegister   0x001da4    program     extern C:\Users\JO\Desktop\Firmware\modbus\functions\mbfuncholding.c
 eMBFuncReadInputRegister   0x004ed4    program     extern C:\Users\JO\Desktop\Firmware\modbus\functions\mbfuncinput.c
eMBFuncReadWriteMultipleHoldingRegister   0x002000    program     extern C:\Users\JO\Desktop\Firmware\modbus\functions\mbfuncholding.c
     eMBFuncReportSlaveID   0x00542e    program     extern C:\Users\JO\Desktop\Firmware\modbus\functions\mbfuncother.c
         eMBFuncWriteCoil   0x003306    program     extern C:\Users\JO\Desktop\Firmware\modbus\functions\mbfunccoils.c
eMBFuncWriteHoldingRegister   0x001aa4    program     extern C:\Users\JO\Desktop\Firmware\modbus\functions\mbfuncholding.c
eMBFuncWriteMultipleCoils   0x00347e    program     extern C:\Users\JO\Desktop\Firmware\modbus\functions\mbfunccoils.c
eMBFuncWriteMultipleHoldingRegister   0x001b9a    program     extern C:\Users\JO\Desktop\Firmware\modbus\functions\mbfuncholding.c
                  eMBInit   0x002a48    program     extern C:\Users\JO\Desktop\Firmware\modbus\mb.c
                  eMBPoll   0x002e48    program     extern C:\Users\JO\Desktop\Firmware\modbus\mb.c
               eMBRTUInit   0x0036b0    program     extern C:\Users\JO\Desktop\Firmware\modbus\rtu\mbrtu.c
            eMBRTUReceive   0x003826    program     extern C:\Users\JO\Desktop\Firmware\modbus\rtu\mbrtu.c
               eMBRTUSend   0x003908    program     extern C:\Users\JO\Desktop\Firmware\modbus\rtu\mbrtu.c
              eMBRTUStart   0x0037f4    program     extern C:\Users\JO\Desktop\Firmware\modbus\rtu\mbrtu.c
               eMBRTUStop   0x003810    program     extern C:\Users\JO\Desktop\Firmware\modbus\rtu\mbrtu.c
            eMBRegCoilsCB   0x00463c    program     extern C:\Users\JO\Desktop\Firmware\source\app.c
         eMBRegDiscreteCB   0x004650    program     extern C:\Users\JO\Desktop\Firmware\source\app.c
          eMBRegHoldingCB   0x0044c0    program     extern C:\Users\JO\Desktop\Firmware\source\app.c
            eMBRegInputCB   0x0044a6    program     extern C:\Users\JO\Desktop\Firmware\source\app.c
            eMBRegisterCB   0x002b6a    program     extern C:\Users\JO\Desktop\Firmware\modbus\mb.c
            eMBSetSlaveID   0x005330    program     extern C:\Users\JO\Desktop\Firmware\modbus\functions\mbfuncother.c
                  endloop   0x005c8c    program     static                          
                   getBit   0x000094    program     static C:\Users\JO\Desktop\Firmware\source\MMD.c
           high_interrupt   0x000008    program     extern C:\Users\JO\Desktop\Firmware\source\interruptvector.c
                     jEnd   0x00589e    program     static E:\c18v3.46\pic18-lt\cxx-framework\src\traditional\stdclib\memset.asm
                     jEnd   0x0058ba    program     static E:\c18v3.46\pic18-lt\cxx-framework\src\traditional\stdclib\strlen.asm
                     jEnd   0x00585a    program     static E:\c18v3.46\pic18-lt\cxx-framework\src\traditional\stdclib\memcpy.asm
                    jLoop   0x0058b0    program     static E:\c18v3.46\pic18-lt\cxx-framework\src\traditional\stdclib\strlen.asm
                    jLoop   0x005880    program     static E:\c18v3.46\pic18-lt\cxx-framework\src\traditional\stdclib\memset.asm
                    jLoop   0x00583e    program     static E:\c18v3.46\pic18-lt\cxx-framework\src\traditional\stdclib\memcpy.asm
         leftBitPackTable   0x004988    program     extern C:\Users\JO\Desktop\Firmware\source\MMD.c
                     loop   0x005d00    program     static                          
                     loop   0x005a4e    program     static                          
                     loop   0x005c70    program     static                          
                   loop_h   0x005cc0    program     static E:\c18v3.46\pic18-lt\cxx-framework\src\traditional\proc\p18f8722.asm
                   loop_l   0x005cca    program     static E:\c18v3.46\pic18-lt\cxx-framework\src\traditional\proc\p18f8722.asm
                     main   0x00576a    program     extern C:\Users\JO\Desktop\Firmware\source\main.c
                   memcpy   0x005816    program     extern E:\c18v3.46\pic18-lt\cxx-framework\src\traditional\stdclib\memcpy.asm
                   memset   0x00586c    program     extern E:\c18v3.46\pic18-lt\cxx-framework\src\traditional\stdclib\memset.asm
    prveMBError2Exception   0x003f44    program     extern C:\Users\JO\Desktop\Firmware\modbus\functions\mbutils.c
      prvvTIMERExpiredISR   0x0055e4    program     extern C:\Users\JO\Desktop\Firmware\modbus\porttimer.c
            prvvUARTRxISR   0x004bb4    program     extern C:\Users\JO\Desktop\Firmware\modbus\portserial.c
       prvvUARTTxReadyISR   0x004b08    program     extern C:\Users\JO\Desktop\Firmware\modbus\portserial.c
        rightBitPackTable   0x00497c    program     extern C:\Users\JO\Desktop\Firmware\source\MMD.c
                   setBit   0x0000d4    program     static C:\Users\JO\Desktop\Firmware\source\MMD.c
                   strlen   0x0058a0    program     extern E:\c18v3.46\pic18-lt\cxx-framework\src\traditional\stdclib\strlen.asm
                     test   0x0058d6    program     static                          
                usMBCRC16   0x0054a0    program     extern C:\Users\JO\Desktop\Firmware\modbus\rtu\mbcrc.c
      vMBPortSerialEnable   0x004994    program     extern C:\Users\JO\Desktop\Firmware\modbus\portserial.c
     vMBPortTimersDisable   0x0055e0    program     extern C:\Users\JO\Desktop\Firmware\modbus\porttimer.c
      vMBPortTimersEnable   0x0055ca    program     extern C:\Users\JO\Desktop\Firmware\modbus\porttimer.c
                 validate   0x002898    program     static C:\Users\JO\Desktop\Firmware\source\digitdisplay.c
       writeToDisplayPort   0x0027c2    program     static C:\Users\JO\Desktop\Firmware\source\digitdisplay.c
          xMBPortEventGet   0x005a08    program     extern C:\Users\JO\Desktop\Firmware\modbus\portevent.c
         xMBPortEventInit   0x0059de    program     extern C:\Users\JO\Desktop\Firmware\modbus\portevent.c
         xMBPortEventPost   0x0059e8    program     extern C:\Users\JO\Desktop\Firmware\modbus\portevent.c
     xMBPortSerialGetByte   0x004ad8    program     extern C:\Users\JO\Desktop\Firmware\modbus\portserial.c
        xMBPortSerialInit   0x0049ca    program     extern C:\Users\JO\Desktop\Firmware\modbus\portserial.c
     xMBPortSerialPutByte   0x004aa2    program     extern C:\Users\JO\Desktop\Firmware\modbus\portserial.c
        xMBPortTimersInit   0x00559c    program     extern C:\Users\JO\Desktop\Firmware\modbus\porttimer.c
         xMBRTUReceiveFSM   0x003a22    program     extern C:\Users\JO\Desktop\Firmware\modbus\rtu\mbrtu.c
    xMBRTUTimerT35Expired   0x003b88    program     extern C:\Users\JO\Desktop\Firmware\modbus\rtu\mbrtu.c
        xMBRTUTransmitFSM   0x003af4    program     extern C:\Users\JO\Desktop\Firmware\modbus\rtu\mbrtu.c
           xMBUtilGetBits   0x003e00    program     extern C:\Users\JO\Desktop\Firmware\modbus\functions\mbutils.c
           xMBUtilSetBits   0x003bdc    program     extern C:\Users\JO\Desktop\Firmware\modbus\functions\mbutils.c
               zero_block   0x005cc0    program     static E:\c18v3.46\pic18-lt\cxx-framework\src\traditional\proc\p18f8722.asm
                   ADCON0   0x000fc2       data     extern E:\c18v3.46\pic18-lt\cxx-framework\src\traditional\proc\p18f8722.asm
               ADCON0bits   0x000fc2       data     extern E:\c18v3.46\pic18-lt\cxx-framework\src\traditional\proc\p18f8722.asm
                   ADCON1   0x000fc1       data     extern E:\c18v3.46\pic18-lt\cxx-framework\src\traditional\proc\p18f8722.asm
               ADCON1bits   0x000fc1       data     extern E:\c18v3.46\pic18-lt\cxx-framework\src\traditional\proc\p18f8722.asm
                   ADCON2   0x000fc0       data     extern E:\c18v3.46\pic18-lt\cxx-framework\src\traditional\proc\p18f8722.asm
               ADCON2bits   0x000fc0       data     extern E:\c18v3.46\pic18-lt\cxx-framework\src\traditional\proc\p18f8722.asm
                    ADRES   0x000fc3       data     extern E:\c18v3.46\pic18-lt\cxx-framework\src\traditional\proc\p18f8722.asm
                   ADRESH   0x000fc4       data     extern E:\c18v3.46\pic18-lt\cxx-framework\src\traditional\proc\p18f8722.asm
                   ADRESL   0x000fc3       data     extern E:\c18v3.46\pic18-lt\cxx-framework\src\traditional\proc\p18f8722.asm
             AppTimestamp   0x000177       data     extern C:\Users\JO\Desktop\Firmware\source\timer.c
                  BAUDCON   0x000f7e       data     extern E:\c18v3.46\pic18-lt\cxx-framework\src\traditional\proc\p18f8722.asm
                 BAUDCON1   0x000f7e       data     extern E:\c18v3.46\pic18-lt\cxx-framework\src\traditional\proc\p18f8722.asm
             BAUDCON1bits   0x000f7e       data     extern E:\c18v3.46\pic18-lt\cxx-framework\src\traditional\proc\p18f8722.asm
                 BAUDCON2   0x000f7c       data     extern E:\c18v3.46\pic18-lt\cxx-framework\src\traditional\proc\p18f8722.asm
             BAUDCON2bits   0x000f7c       data     extern E:\c18v3.46\pic18-lt\cxx-framework\src\traditional\proc\p18f8722.asm
              BAUDCONbits   0x000f7e       data     extern E:\c18v3.46\pic18-lt\cxx-framework\src\traditional\proc\p18f8722.asm
                      BSR   0x000fe0       data     extern E:\c18v3.46\pic18-lt\cxx-framework\src\traditional\proc\p18f8722.asm
                  CCP1CON   0x000fbd       data     extern E:\c18v3.46\pic18-lt\cxx-framework\src\traditional\proc\p18f8722.asm
              CCP1CONbits   0x000fbd       data     extern E:\c18v3.46\pic18-lt\cxx-framework\src\traditional\proc\p18f8722.asm
                  CCP2CON   0x000fba       data     extern E:\c18v3.46\pic18-lt\cxx-framework\src\traditional\proc\p18f8722.asm
              CCP2CONbits   0x000fba       data     extern E:\c18v3.46\pic18-lt\cxx-framework\src\traditional\proc\p18f8722.asm
                  CCP3CON   0x000fb7       data     extern E:\c18v3.46\pic18-lt\cxx-framework\src\traditional\proc\p18f8722.asm
              CCP3CONbits   0x000fb7       data     extern E:\c18v3.46\pic18-lt\cxx-framework\src\traditional\proc\p18f8722.asm
                  CCP4CON   0x000f73       data     extern E:\c18v3.46\pic18-lt\cxx-framework\src\traditional\proc\p18f8722.asm
              CCP4CONbits   0x000f73       data     extern E:\c18v3.46\pic18-lt\cxx-framework\src\traditional\proc\p18f8722.asm
                  CCP5CON   0x000f70       data     extern E:\c18v3.46\pic18-lt\cxx-framework\src\traditional\proc\p18f8722.asm
              CCP5CONbits   0x000f70       data     extern E:\c18v3.46\pic18-lt\cxx-framework\src\traditional\proc\p18f8722.asm
                    CCPR1   0x000fbe       data     extern E:\c18v3.46\pic18-lt\cxx-framework\src\traditional\proc\p18f8722.asm
                   CCPR1H   0x000fbf       data     extern E:\c18v3.46\pic18-lt\cxx-framework\src\traditional\proc\p18f8722.asm
                   CCPR1L   0x000fbe       data     extern E:\c18v3.46\pic18-lt\cxx-framework\src\traditional\proc\p18f8722.asm
                    CCPR2   0x000fbb       data     extern E:\c18v3.46\pic18-lt\cxx-framework\src\traditional\proc\p18f8722.asm
                   CCPR2H   0x000fbc       data     extern E:\c18v3.46\pic18-lt\cxx-framework\src\traditional\proc\p18f8722.asm
                   CCPR2L   0x000fbb       data     extern E:\c18v3.46\pic18-lt\cxx-framework\src\traditional\proc\p18f8722.asm
                    CCPR3   0x000fb8       data     extern E:\c18v3.46\pic18-lt\cxx-framework\src\traditional\proc\p18f8722.asm
                   CCPR3H   0x000fb9       data     extern E:\c18v3.46\pic18-lt\cxx-framework\src\traditional\proc\p18f8722.asm
                   CCPR3L   0x000fb8       data     extern E:\c18v3.46\pic18-lt\cxx-framework\src\traditional\proc\p18f8722.asm
                    CCPR4   0x000f74       data     extern E:\c18v3.46\pic18-lt\cxx-framework\src\traditional\proc\p18f8722.asm
                   CCPR4H   0x000f75       data     extern E:\c18v3.46\pic18-lt\cxx-framework\src\traditional\proc\p18f8722.asm
                   CCPR4L   0x000f74       data     extern E:\c18v3.46\pic18-lt\cxx-framework\src\traditional\proc\p18f8722.asm
                    CCPR5   0x000f71       data     extern E:\c18v3.46\pic18-lt\cxx-framework\src\traditional\proc\p18f8722.asm
                   CCPR5H   0x000f72       data     extern E:\c18v3.46\pic18-lt\cxx-framework\src\traditional\proc\p18f8722.asm
                   CCPR5L   0x000f71       data     extern E:\c18v3.46\pic18-lt\cxx-framework\src\traditional\proc\p18f8722.asm
                    CMCON   0x000fb4       data     extern E:\c18v3.46\pic18-lt\cxx-framework\src\traditional\proc\p18f8722.asm
                CMCONbits   0x000fb4       data     extern E:\c18v3.46\pic18-lt\cxx-framework\src\traditional\proc\p18f8722.asm
                   CVRCON   0x000fb5       data     extern E:\c18v3.46\pic18-lt\cxx-framework\src\traditional\proc\p18f8722.asm
               CVRCONbits   0x000fb5       data     extern E:\c18v3.46\pic18-lt\cxx-framework\src\traditional\proc\p18f8722.asm
                     DDRA   0x000f92       data     extern E:\c18v3.46\pic18-lt\cxx-framework\src\traditional\proc\p18f8722.asm
                 DDRAbits   0x000f92       data     extern E:\c18v3.46\pic18-lt\cxx-framework\src\traditional\proc\p18f8722.asm
                     DDRB   0x000f93       data     extern E:\c18v3.46\pic18-lt\cxx-framework\src\traditional\proc\p18f8722.asm
                 DDRBbits   0x000f93       data     extern E:\c18v3.46\pic18-lt\cxx-framework\src\traditional\proc\p18f8722.asm
                     DDRC   0x000f94       data     extern E:\c18v3.46\pic18-lt\cxx-framework\src\traditional\proc\p18f8722.asm
                 DDRCbits   0x000f94       data     extern E:\c18v3.46\pic18-lt\cxx-framework\src\traditional\proc\p18f8722.asm
                     DDRD   0x000f95       data     extern E:\c18v3.46\pic18-lt\cxx-framework\src\traditional\proc\p18f8722.asm
                 DDRDbits   0x000f95       data     extern E:\c18v3.46\pic18-lt\cxx-framework\src\traditional\proc\p18f8722.asm
                     DDRE   0x000f96       data     extern E:\c18v3.46\pic18-lt\cxx-framework\src\traditional\proc\p18f8722.asm
                 DDREbits   0x000f96       data     extern E:\c18v3.46\pic18-lt\cxx-framework\src\traditional\proc\p18f8722.asm
                     DDRF   0x000f97       data     extern E:\c18v3.46\pic18-lt\cxx-framework\src\traditional\proc\p18f8722.asm
                 DDRFbits   0x000f97       data     extern E:\c18v3.46\pic18-lt\cxx-framework\src\traditional\proc\p18f8722.asm
                     DDRG   0x000f98       data     extern E:\c18v3.46\pic18-lt\cxx-framework\src\traditional\proc\p18f8722.asm
                 DDRGbits   0x000f98       data     extern E:\c18v3.46\pic18-lt\cxx-framework\src\traditional\proc\p18f8722.asm
                     DDRH   0x000f99       data     extern E:\c18v3.46\pic18-lt\cxx-framework\src\traditional\proc\p18f8722.asm
                 DDRHbits   0x000f99       data     extern E:\c18v3.46\pic18-lt\cxx-framework\src\traditional\proc\p18f8722.asm
                     DDRJ   0x000f9a       data     extern E:\c18v3.46\pic18-lt\cxx-framework\src\traditional\proc\p18f8722.asm
                 DDRJbits   0x000f9a       data     extern E:\c18v3.46\pic18-lt\cxx-framework\src\traditional\proc\p18f8722.asm
            DelayCounter1   0x00001e       data     extern E:\c18v3.46\pic18-lt\cxx-framework\src\traditional\delays\delayd1.asm
                  ECCP1AS   0x000fb6       data     extern E:\c18v3.46\pic18-lt\cxx-framework\src\traditional\proc\p18f8722.asm
              ECCP1ASbits   0x000fb6       data     extern E:\c18v3.46\pic18-lt\cxx-framework\src\traditional\proc\p18f8722.asm
                 ECCP1CON   0x000fbd       data     extern E:\c18v3.46\pic18-lt\cxx-framework\src\traditional\proc\p18f8722.asm
             ECCP1CONbits   0x000fbd       data     extern E:\c18v3.46\pic18-lt\cxx-framework\src\traditional\proc\p18f8722.asm
                 ECCP1DEL   0x000f79       data     extern E:\c18v3.46\pic18-lt\cxx-framework\src\traditional\proc\p18f8722.asm
             ECCP1DELbits   0x000f79       data     extern E:\c18v3.46\pic18-lt\cxx-framework\src\traditional\proc\p18f8722.asm
                  ECCP2AS   0x000f68       data     extern E:\c18v3.46\pic18-lt\cxx-framework\src\traditional\proc\p18f8722.asm
              ECCP2ASbits   0x000f68       data     extern E:\c18v3.46\pic18-lt\cxx-framework\src\traditional\proc\p18f8722.asm
                 ECCP2CON   0x000fba       data     extern E:\c18v3.46\pic18-lt\cxx-framework\src\traditional\proc\p18f8722.asm
             ECCP2CONbits   0x000fba       data     extern E:\c18v3.46\pic18-lt\cxx-framework\src\traditional\proc\p18f8722.asm
                 ECCP2DEL   0x000f67       data     extern E:\c18v3.46\pic18-lt\cxx-framework\src\traditional\proc\p18f8722.asm
             ECCP2DELbits   0x000f67       data     extern E:\c18v3.46\pic18-lt\cxx-framework\src\traditional\proc\p18f8722.asm
                  ECCP3AS   0x000f6a       data     extern E:\c18v3.46\pic18-lt\cxx-framework\src\traditional\proc\p18f8722.asm
              ECCP3ASbits   0x000f6a       data     extern E:\c18v3.46\pic18-lt\cxx-framework\src\traditional\proc\p18f8722.asm
                 ECCP3CON   0x000fb7       data     extern E:\c18v3.46\pic18-lt\cxx-framework\src\traditional\proc\p18f8722.asm
             ECCP3CONbits   0x000fb7       data     extern E:\c18v3.46\pic18-lt\cxx-framework\src\traditional\proc\p18f8722.asm
                 ECCP3DEL   0x000f69       data     extern E:\c18v3.46\pic18-lt\cxx-framework\src\traditional\proc\p18f8722.asm
             ECCP3DELbits   0x000f69       data     extern E:\c18v3.46\pic18-lt\cxx-framework\src\traditional\proc\p18f8722.asm
                    EEADR   0x000fa9       data     extern E:\c18v3.46\pic18-lt\cxx-framework\src\traditional\proc\p18f8722.asm
                   EEADRH   0x000faa       data     extern E:\c18v3.46\pic18-lt\cxx-framework\src\traditional\proc\p18f8722.asm
                   EECON1   0x000fa6       data     extern E:\c18v3.46\pic18-lt\cxx-framework\src\traditional\proc\p18f8722.asm
               EECON1bits   0x000fa6       data     extern E:\c18v3.46\pic18-lt\cxx-framework\src\traditional\proc\p18f8722.asm
                   EECON2   0x000fa7       data     extern E:\c18v3.46\pic18-lt\cxx-framework\src\traditional\proc\p18f8722.asm
                   EEDATA   0x000fa8       data     extern E:\c18v3.46\pic18-lt\cxx-framework\src\traditional\proc\p18f8722.asm
                     FSR0   0x000fe9       data     extern E:\c18v3.46\pic18-lt\cxx-framework\src\traditional\proc\p18f8722.asm
                    FSR0H   0x000fea       data     extern E:\c18v3.46\pic18-lt\cxx-framework\src\traditional\proc\p18f8722.asm
                    FSR0L   0x000fe9       data     extern E:\c18v3.46\pic18-lt\cxx-framework\src\traditional\proc\p18f8722.asm
                     FSR1   0x000fe1       data     extern E:\c18v3.46\pic18-lt\cxx-framework\src\traditional\proc\p18f8722.asm
                    FSR1H   0x000fe2       data     extern E:\c18v3.46\pic18-lt\cxx-framework\src\traditional\proc\p18f8722.asm
                    FSR1L   0x000fe1       data     extern E:\c18v3.46\pic18-lt\cxx-framework\src\traditional\proc\p18f8722.asm
                     FSR2   0x000fd9       data     extern E:\c18v3.46\pic18-lt\cxx-framework\src\traditional\proc\p18f8722.asm
                    FSR2H   0x000fda       data     extern E:\c18v3.46\pic18-lt\cxx-framework\src\traditional\proc\p18f8722.asm
                    FSR2L   0x000fd9       data     extern E:\c18v3.46\pic18-lt\cxx-framework\src\traditional\proc\p18f8722.asm
                  HLVDCON   0x000fd2       data     extern E:\c18v3.46\pic18-lt\cxx-framework\src\traditional\proc\p18f8722.asm
              HLVDCONbits   0x000fd2       data     extern E:\c18v3.46\pic18-lt\cxx-framework\src\traditional\proc\p18f8722.asm
                    INDF0   0x000fef       data     extern E:\c18v3.46\pic18-lt\cxx-framework\src\traditional\proc\p18f8722.asm
                    INDF1   0x000fe7       data     extern E:\c18v3.46\pic18-lt\cxx-framework\src\traditional\proc\p18f8722.asm
                    INDF2   0x000fdf       data     extern E:\c18v3.46\pic18-lt\cxx-framework\src\traditional\proc\p18f8722.asm
                   INTCON   0x000ff2       data     extern E:\c18v3.46\pic18-lt\cxx-framework\src\traditional\proc\p18f8722.asm
                  INTCON2   0x000ff1       data     extern E:\c18v3.46\pic18-lt\cxx-framework\src\traditional\proc\p18f8722.asm
              INTCON2bits   0x000ff1       data     extern E:\c18v3.46\pic18-lt\cxx-framework\src\traditional\proc\p18f8722.asm
                  INTCON3   0x000ff0       data     extern E:\c18v3.46\pic18-lt\cxx-framework\src\traditional\proc\p18f8722.asm
              INTCON3bits   0x000ff0       data     extern E:\c18v3.46\pic18-lt\cxx-framework\src\traditional\proc\p18f8722.asm
               INTCONbits   0x000ff2       data     extern E:\c18v3.46\pic18-lt\cxx-framework\src\traditional\proc\p18f8722.asm
                     IPR1   0x000f9f       data     extern E:\c18v3.46\pic18-lt\cxx-framework\src\traditional\proc\p18f8722.asm
                 IPR1bits   0x000f9f       data     extern E:\c18v3.46\pic18-lt\cxx-framework\src\traditional\proc\p18f8722.asm
                     IPR2   0x000fa2       data     extern E:\c18v3.46\pic18-lt\cxx-framework\src\traditional\proc\p18f8722.asm
                 IPR2bits   0x000fa2       data     extern E:\c18v3.46\pic18-lt\cxx-framework\src\traditional\proc\p18f8722.asm
                     IPR3   0x000fa5       data     extern E:\c18v3.46\pic18-lt\cxx-framework\src\traditional\proc\p18f8722.asm
                 IPR3bits   0x000fa5       data     extern E:\c18v3.46\pic18-lt\cxx-framework\src\traditional\proc\p18f8722.asm
                     LATA   0x000f89       data     extern E:\c18v3.46\pic18-lt\cxx-framework\src\traditional\proc\p18f8722.asm
                 LATAbits   0x000f89       data     extern E:\c18v3.46\pic18-lt\cxx-framework\src\traditional\proc\p18f8722.asm
                     LATB   0x000f8a       data     extern E:\c18v3.46\pic18-lt\cxx-framework\src\traditional\proc\p18f8722.asm
                 LATBbits   0x000f8a       data     extern E:\c18v3.46\pic18-lt\cxx-framework\src\traditional\proc\p18f8722.asm
                     LATC   0x000f8b       data     extern E:\c18v3.46\pic18-lt\cxx-framework\src\traditional\proc\p18f8722.asm
                 LATCbits   0x000f8b       data     extern E:\c18v3.46\pic18-lt\cxx-framework\src\traditional\proc\p18f8722.asm
                     LATD   0x000f8c       data     extern E:\c18v3.46\pic18-lt\cxx-framework\src\traditional\proc\p18f8722.asm
                 LATDbits   0x000f8c       data     extern E:\c18v3.46\pic18-lt\cxx-framework\src\traditional\proc\p18f8722.asm
                     LATE   0x000f8d       data     extern E:\c18v3.46\pic18-lt\cxx-framework\src\traditional\proc\p18f8722.asm
                 LATEbits   0x000f8d       data     extern E:\c18v3.46\pic18-lt\cxx-framework\src\traditional\proc\p18f8722.asm
                     LATF   0x000f8e       data     extern E:\c18v3.46\pic18-lt\cxx-framework\src\traditional\proc\p18f8722.asm
                 LATFbits   0x000f8e       data     extern E:\c18v3.46\pic18-lt\cxx-framework\src\traditional\proc\p18f8722.asm
                     LATG   0x000f8f       data     extern E:\c18v3.46\pic18-lt\cxx-framework\src\traditional\proc\p18f8722.asm
                 LATGbits   0x000f8f       data     extern E:\c18v3.46\pic18-lt\cxx-framework\src\traditional\proc\p18f8722.asm
                     LATH   0x000f90       data     extern E:\c18v3.46\pic18-lt\cxx-framework\src\traditional\proc\p18f8722.asm
                 LATHbits   0x000f90       data     extern E:\c18v3.46\pic18-lt\cxx-framework\src\traditional\proc\p18f8722.asm
                     LATJ   0x000f91       data     extern E:\c18v3.46\pic18-lt\cxx-framework\src\traditional\proc\p18f8722.asm
                 LATJbits   0x000f91       data     extern E:\c18v3.46\pic18-lt\cxx-framework\src\traditional\proc\p18f8722.asm
                   LVDCON   0x000fd2       data     extern E:\c18v3.46\pic18-lt\cxx-framework\src\traditional\proc\p18f8722.asm
               LVDCONbits   0x000fd2       data     extern E:\c18v3.46\pic18-lt\cxx-framework\src\traditional\proc\p18f8722.asm
                   MEMCON   0x000f9c       data     extern E:\c18v3.46\pic18-lt\cxx-framework\src\traditional\proc\p18f8722.asm
               MEMCONbits   0x000f9c       data     extern E:\c18v3.46\pic18-lt\cxx-framework\src\traditional\proc\p18f8722.asm
                   OSCCON   0x000fd3       data     extern E:\c18v3.46\pic18-lt\cxx-framework\src\traditional\proc\p18f8722.asm
               OSCCONbits   0x000fd3       data     extern E:\c18v3.46\pic18-lt\cxx-framework\src\traditional\proc\p18f8722.asm
                  OSCTUNE   0x000f9b       data     extern E:\c18v3.46\pic18-lt\cxx-framework\src\traditional\proc\p18f8722.asm
              OSCTUNEbits   0x000f9b       data     extern E:\c18v3.46\pic18-lt\cxx-framework\src\traditional\proc\p18f8722.asm
                       PC   0x000ff9       data     extern E:\c18v3.46\pic18-lt\cxx-framework\src\traditional\proc\p18f8722.asm
                      PCL   0x000ff9       data     extern E:\c18v3.46\pic18-lt\cxx-framework\src\traditional\proc\p18f8722.asm
                   PCLATH   0x000ffa       data     extern E:\c18v3.46\pic18-lt\cxx-framework\src\traditional\proc\p18f8722.asm
                   PCLATU   0x000ffb       data     extern E:\c18v3.46\pic18-lt\cxx-framework\src\traditional\proc\p18f8722.asm
                     PIE1   0x000f9d       data     extern E:\c18v3.46\pic18-lt\cxx-framework\src\traditional\proc\p18f8722.asm
                 PIE1bits   0x000f9d       data     extern E:\c18v3.46\pic18-lt\cxx-framework\src\traditional\proc\p18f8722.asm
                     PIE2   0x000fa0       data     extern E:\c18v3.46\pic18-lt\cxx-framework\src\traditional\proc\p18f8722.asm
                 PIE2bits   0x000fa0       data     extern E:\c18v3.46\pic18-lt\cxx-framework\src\traditional\proc\p18f8722.asm
                     PIE3   0x000fa3       data     extern E:\c18v3.46\pic18-lt\cxx-framework\src\traditional\proc\p18f8722.asm
                 PIE3bits   0x000fa3       data     extern E:\c18v3.46\pic18-lt\cxx-framework\src\traditional\proc\p18f8722.asm
                     PIR1   0x000f9e       data     extern E:\c18v3.46\pic18-lt\cxx-framework\src\traditional\proc\p18f8722.asm
                 PIR1bits   0x000f9e       data     extern E:\c18v3.46\pic18-lt\cxx-framework\src\traditional\proc\p18f8722.asm
                     PIR2   0x000fa1       data     extern E:\c18v3.46\pic18-lt\cxx-framework\src\traditional\proc\p18f8722.asm
                 PIR2bits   0x000fa1       data     extern E:\c18v3.46\pic18-lt\cxx-framework\src\traditional\proc\p18f8722.asm
                     PIR3   0x000fa4       data     extern E:\c18v3.46\pic18-lt\cxx-framework\src\traditional\proc\p18f8722.asm
                 PIR3bits   0x000fa4       data     extern E:\c18v3.46\pic18-lt\cxx-framework\src\traditional\proc\p18f8722.asm
                   PLUSW0   0x000feb       data     extern E:\c18v3.46\pic18-lt\cxx-framework\src\traditional\proc\p18f8722.asm
                   PLUSW1   0x000fe3       data     extern E:\c18v3.46\pic18-lt\cxx-framework\src\traditional\proc\p18f8722.asm
                   PLUSW2   0x000fdb       data     extern E:\c18v3.46\pic18-lt\cxx-framework\src\traditional\proc\p18f8722.asm
                    PORTA   0x000f80       data     extern E:\c18v3.46\pic18-lt\cxx-framework\src\traditional\proc\p18f8722.asm
                PORTAbits   0x000f80       data     extern E:\c18v3.46\pic18-lt\cxx-framework\src\traditional\proc\p18f8722.asm
                    PORTB   0x000f81       data     extern E:\c18v3.46\pic18-lt\cxx-framework\src\traditional\proc\p18f8722.asm
                PORTBbits   0x000f81       data     extern E:\c18v3.46\pic18-lt\cxx-framework\src\traditional\proc\p18f8722.asm
                    PORTC   0x000f82       data     extern E:\c18v3.46\pic18-lt\cxx-framework\src\traditional\proc\p18f8722.asm
                PORTCbits   0x000f82       data     extern E:\c18v3.46\pic18-lt\cxx-framework\src\traditional\proc\p18f8722.asm
                    PORTD   0x000f83       data     extern E:\c18v3.46\pic18-lt\cxx-framework\src\traditional\proc\p18f8722.asm
                PORTDbits   0x000f83       data     extern E:\c18v3.46\pic18-lt\cxx-framework\src\traditional\proc\p18f8722.asm
                    PORTE   0x000f84       data     extern E:\c18v3.46\pic18-lt\cxx-framework\src\traditional\proc\p18f8722.asm
                PORTEbits   0x000f84       data     extern E:\c18v3.46\pic18-lt\cxx-framework\src\traditional\proc\p18f8722.asm
                    PORTF   0x000f85       data     extern E:\c18v3.46\pic18-lt\cxx-framework\src\traditional\proc\p18f8722.asm
                PORTFbits   0x000f85       data     extern E:\c18v3.46\pic18-lt\cxx-framework\src\traditional\proc\p18f8722.asm
                    PORTG   0x000f86       data     extern E:\c18v3.46\pic18-lt\cxx-framework\src\traditional\proc\p18f8722.asm
                PORTGbits   0x000f86       data     extern E:\c18v3.46\pic18-lt\cxx-framework\src\traditional\proc\p18f8722.asm
                    PORTH   0x000f87       data     extern E:\c18v3.46\pic18-lt\cxx-framework\src\traditional\proc\p18f8722.asm
                PORTHbits   0x000f87       data     extern E:\c18v3.46\pic18-lt\cxx-framework\src\traditional\proc\p18f8722.asm
                    PORTJ   0x000f88       data     extern E:\c18v3.46\pic18-lt\cxx-framework\src\traditional\proc\p18f8722.asm
                PORTJbits   0x000f88       data     extern E:\c18v3.46\pic18-lt\cxx-framework\src\traditional\proc\p18f8722.asm
                 POSTDEC0   0x000fed       data     extern E:\c18v3.46\pic18-lt\cxx-framework\src\traditional\proc\p18f8722.asm
                 POSTDEC1   0x000fe5       data     extern E:\c18v3.46\pic18-lt\cxx-framework\src\traditional\proc\p18f8722.asm
                 POSTDEC2   0x000fdd       data     extern E:\c18v3.46\pic18-lt\cxx-framework\src\traditional\proc\p18f8722.asm
                 POSTINC0   0x000fee       data     extern E:\c18v3.46\pic18-lt\cxx-framework\src\traditional\proc\p18f8722.asm
                 POSTINC1   0x000fe6       data     extern E:\c18v3.46\pic18-lt\cxx-framework\src\traditional\proc\p18f8722.asm
                 POSTINC2   0x000fde       data     extern E:\c18v3.46\pic18-lt\cxx-framework\src\traditional\proc\p18f8722.asm
                      PR2   0x000fcb       data     extern E:\c18v3.46\pic18-lt\cxx-framework\src\traditional\proc\p18f8722.asm
                      PR4   0x000f77       data     extern E:\c18v3.46\pic18-lt\cxx-framework\src\traditional\proc\p18f8722.asm
                  PREINC0   0x000fec       data     extern E:\c18v3.46\pic18-lt\cxx-framework\src\traditional\proc\p18f8722.asm
                  PREINC1   0x000fe4       data     extern E:\c18v3.46\pic18-lt\cxx-framework\src\traditional\proc\p18f8722.asm
                  PREINC2   0x000fdc       data     extern E:\c18v3.46\pic18-lt\cxx-framework\src\traditional\proc\p18f8722.asm
                     PROD   0x000ff3       data     extern E:\c18v3.46\pic18-lt\cxx-framework\src\traditional\proc\p18f8722.asm
                    PRODH   0x000ff4       data     extern E:\c18v3.46\pic18-lt\cxx-framework\src\traditional\proc\p18f8722.asm
                    PRODL   0x000ff3       data     extern E:\c18v3.46\pic18-lt\cxx-framework\src\traditional\proc\p18f8722.asm
                   PSPCON   0x000fb0       data     extern E:\c18v3.46\pic18-lt\cxx-framework\src\traditional\proc\p18f8722.asm
               PSPCONbits   0x000fb0       data     extern E:\c18v3.46\pic18-lt\cxx-framework\src\traditional\proc\p18f8722.asm
                     RCON   0x000fd0       data     extern E:\c18v3.46\pic18-lt\cxx-framework\src\traditional\proc\p18f8722.asm
                 RCONbits   0x000fd0       data     extern E:\c18v3.46\pic18-lt\cxx-framework\src\traditional\proc\p18f8722.asm
                    RCREG   0x000fae       data     extern E:\c18v3.46\pic18-lt\cxx-framework\src\traditional\proc\p18f8722.asm
                   RCREG1   0x000fae       data     extern E:\c18v3.46\pic18-lt\cxx-framework\src\traditional\proc\p18f8722.asm
                   RCREG2   0x000f6e       data     extern E:\c18v3.46\pic18-lt\cxx-framework\src\traditional\proc\p18f8722.asm
                    RCSTA   0x000fab       data     extern E:\c18v3.46\pic18-lt\cxx-framework\src\traditional\proc\p18f8722.asm
                   RCSTA1   0x000fab       data     extern E:\c18v3.46\pic18-lt\cxx-framework\src\traditional\proc\p18f8722.asm
               RCSTA1bits   0x000fab       data     extern E:\c18v3.46\pic18-lt\cxx-framework\src\traditional\proc\p18f8722.asm
                   RCSTA2   0x000f6b       data     extern E:\c18v3.46\pic18-lt\cxx-framework\src\traditional\proc\p18f8722.asm
               RCSTA2bits   0x000f6b       data     extern E:\c18v3.46\pic18-lt\cxx-framework\src\traditional\proc\p18f8722.asm
                RCSTAbits   0x000fab       data     extern E:\c18v3.46\pic18-lt\cxx-framework\src\traditional\proc\p18f8722.asm
             SEVENSEGMENT   0x00017b       data     static C:\Users\JO\Desktop\Firmware\source\digitdisplay.c
                     SIGN   0x000000       data     extern E:\c18v3.46\pic18-lt\cxx-framework\src\traditional\math\cmath18.asm
                    SPBRG   0x000faf       data     extern E:\c18v3.46\pic18-lt\cxx-framework\src\traditional\proc\p18f8722.asm
                   SPBRG1   0x000faf       data     extern E:\c18v3.46\pic18-lt\cxx-framework\src\traditional\proc\p18f8722.asm
                   SPBRG2   0x000f6f       data     extern E:\c18v3.46\pic18-lt\cxx-framework\src\traditional\proc\p18f8722.asm
                   SPBRGH   0x000f7f       data     extern E:\c18v3.46\pic18-lt\cxx-framework\src\traditional\proc\p18f8722.asm
                  SPBRGH1   0x000f7f       data     extern E:\c18v3.46\pic18-lt\cxx-framework\src\traditional\proc\p18f8722.asm
                  SPBRGH2   0x000f7d       data     extern E:\c18v3.46\pic18-lt\cxx-framework\src\traditional\proc\p18f8722.asm
                  SSP1ADD   0x000fc8       data     extern E:\c18v3.46\pic18-lt\cxx-framework\src\traditional\proc\p18f8722.asm
                  SSP1BUF   0x000fc9       data     extern E:\c18v3.46\pic18-lt\cxx-framework\src\traditional\proc\p18f8722.asm
                 SSP1CON1   0x000fc6       data     extern E:\c18v3.46\pic18-lt\cxx-framework\src\traditional\proc\p18f8722.asm
             SSP1CON1bits   0x000fc6       data     extern E:\c18v3.46\pic18-lt\cxx-framework\src\traditional\proc\p18f8722.asm
                 SSP1CON2   0x000fc5       data     extern E:\c18v3.46\pic18-lt\cxx-framework\src\traditional\proc\p18f8722.asm
             SSP1CON2bits   0x000fc5       data     extern E:\c18v3.46\pic18-lt\cxx-framework\src\traditional\proc\p18f8722.asm
                 SSP1STAT   0x000fc7       data     extern E:\c18v3.46\pic18-lt\cxx-framework\src\traditional\proc\p18f8722.asm
             SSP1STATbits   0x000fc7       data     extern E:\c18v3.46\pic18-lt\cxx-framework\src\traditional\proc\p18f8722.asm
                  SSP2ADD   0x000f65       data     extern E:\c18v3.46\pic18-lt\cxx-framework\src\traditional\proc\p18f8722.asm
                  SSP2BUF   0x000f66       data     extern E:\c18v3.46\pic18-lt\cxx-framework\src\traditional\proc\p18f8722.asm
                 SSP2CON1   0x000f63       data     extern E:\c18v3.46\pic18-lt\cxx-framework\src\traditional\proc\p18f8722.asm
             SSP2CON1bits   0x000f63       data     extern E:\c18v3.46\pic18-lt\cxx-framework\src\traditional\proc\p18f8722.asm
                 SSP2CON2   0x000f62       data     extern E:\c18v3.46\pic18-lt\cxx-framework\src\traditional\proc\p18f8722.asm
             SSP2CON2bits   0x000f62       data     extern E:\c18v3.46\pic18-lt\cxx-framework\src\traditional\proc\p18f8722.asm
                 SSP2STAT   0x000f64       data     extern E:\c18v3.46\pic18-lt\cxx-framework\src\traditional\proc\p18f8722.asm
             SSP2STATbits   0x000f64       data     extern E:\c18v3.46\pic18-lt\cxx-framework\src\traditional\proc\p18f8722.asm
                   SSPADD   0x000fc8       data     extern E:\c18v3.46\pic18-lt\cxx-framework\src\traditional\proc\p18f8722.asm
                   SSPBUF   0x000fc9       data     extern E:\c18v3.46\pic18-lt\cxx-framework\src\traditional\proc\p18f8722.asm
                  SSPCON1   0x000fc6       data     extern E:\c18v3.46\pic18-lt\cxx-framework\src\traditional\proc\p18f8722.asm
              SSPCON1bits   0x000fc6       data     extern E:\c18v3.46\pic18-lt\cxx-framework\src\traditional\proc\p18f8722.asm
                  SSPCON2   0x000fc5       data     extern E:\c18v3.46\pic18-lt\cxx-framework\src\traditional\proc\p18f8722.asm
              SSPCON2bits   0x000fc5       data     extern E:\c18v3.46\pic18-lt\cxx-framework\src\traditional\proc\p18f8722.asm
                  SSPSTAT   0x000fc7       data     extern E:\c18v3.46\pic18-lt\cxx-framework\src\traditional\proc\p18f8722.asm
              SSPSTATbits   0x000fc7       data     extern E:\c18v3.46\pic18-lt\cxx-framework\src\traditional\proc\p18f8722.asm
                   STATUS   0x000fd8       data     extern E:\c18v3.46\pic18-lt\cxx-framework\src\traditional\proc\p18f8722.asm
               STATUSbits   0x000fd8       data     extern E:\c18v3.46\pic18-lt\cxx-framework\src\traditional\proc\p18f8722.asm
                   STKPTR   0x000ffc       data     extern E:\c18v3.46\pic18-lt\cxx-framework\src\traditional\proc\p18f8722.asm
               STKPTRbits   0x000ffc       data     extern E:\c18v3.46\pic18-lt\cxx-framework\src\traditional\proc\p18f8722.asm
                    T0CON   0x000fd5       data     extern E:\c18v3.46\pic18-lt\cxx-framework\src\traditional\proc\p18f8722.asm
                T0CONbits   0x000fd5       data     extern E:\c18v3.46\pic18-lt\cxx-framework\src\traditional\proc\p18f8722.asm
                    T1CON   0x000fcd       data     extern E:\c18v3.46\pic18-lt\cxx-framework\src\traditional\proc\p18f8722.asm
                T1CONbits   0x000fcd       data     extern E:\c18v3.46\pic18-lt\cxx-framework\src\traditional\proc\p18f8722.asm
                    T2CON   0x000fca       data     extern E:\c18v3.46\pic18-lt\cxx-framework\src\traditional\proc\p18f8722.asm
                T2CONbits   0x000fca       data     extern E:\c18v3.46\pic18-lt\cxx-framework\src\traditional\proc\p18f8722.asm
                    T3CON   0x000fb1       data     extern E:\c18v3.46\pic18-lt\cxx-framework\src\traditional\proc\p18f8722.asm
                T3CONbits   0x000fb1       data     extern E:\c18v3.46\pic18-lt\cxx-framework\src\traditional\proc\p18f8722.asm
                    T4CON   0x000f76       data     extern E:\c18v3.46\pic18-lt\cxx-framework\src\traditional\proc\p18f8722.asm
                T4CONbits   0x000f76       data     extern E:\c18v3.46\pic18-lt\cxx-framework\src\traditional\proc\p18f8722.asm
                   TABLAT   0x000ff5       data     extern E:\c18v3.46\pic18-lt\cxx-framework\src\traditional\proc\p18f8722.asm
                   TBLPTR   0x000ff6       data     extern E:\c18v3.46\pic18-lt\cxx-framework\src\traditional\proc\p18f8722.asm
                  TBLPTRH   0x000ff7       data     extern E:\c18v3.46\pic18-lt\cxx-framework\src\traditional\proc\p18f8722.asm
                  TBLPTRL   0x000ff6       data     extern E:\c18v3.46\pic18-lt\cxx-framework\src\traditional\proc\p18f8722.asm
                  TBLPTRU   0x000ff8       data     extern E:\c18v3.46\pic18-lt\cxx-framework\src\traditional\proc\p18f8722.asm
                    TMR0H   0x000fd7       data     extern E:\c18v3.46\pic18-lt\cxx-framework\src\traditional\proc\p18f8722.asm
                    TMR0L   0x000fd6       data     extern E:\c18v3.46\pic18-lt\cxx-framework\src\traditional\proc\p18f8722.asm
                    TMR1H   0x000fcf       data     extern E:\c18v3.46\pic18-lt\cxx-framework\src\traditional\proc\p18f8722.asm
                    TMR1L   0x000fce       data     extern E:\c18v3.46\pic18-lt\cxx-framework\src\traditional\proc\p18f8722.asm
                     TMR2   0x000fcc       data     extern E:\c18v3.46\pic18-lt\cxx-framework\src\traditional\proc\p18f8722.asm
                    TMR3H   0x000fb3       data     extern E:\c18v3.46\pic18-lt\cxx-framework\src\traditional\proc\p18f8722.asm
                    TMR3L   0x000fb2       data     extern E:\c18v3.46\pic18-lt\cxx-framework\src\traditional\proc\p18f8722.asm
                     TMR4   0x000f78       data     extern E:\c18v3.46\pic18-lt\cxx-framework\src\traditional\proc\p18f8722.asm
                      TOS   0x000ffd       data     extern E:\c18v3.46\pic18-lt\cxx-framework\src\traditional\proc\p18f8722.asm
                     TOSH   0x000ffe       data     extern E:\c18v3.46\pic18-lt\cxx-framework\src\traditional\proc\p18f8722.asm
                     TOSL   0x000ffd       data     extern E:\c18v3.46\pic18-lt\cxx-framework\src\traditional\proc\p18f8722.asm
                     TOSU   0x000fff       data     extern E:\c18v3.46\pic18-lt\cxx-framework\src\traditional\proc\p18f8722.asm
                    TRISA   0x000f92       data     extern E:\c18v3.46\pic18-lt\cxx-framework\src\traditional\proc\p18f8722.asm
                TRISAbits   0x000f92       data     extern E:\c18v3.46\pic18-lt\cxx-framework\src\traditional\proc\p18f8722.asm
                    TRISB   0x000f93       data     extern E:\c18v3.46\pic18-lt\cxx-framework\src\traditional\proc\p18f8722.asm
                TRISBbits   0x000f93       data     extern E:\c18v3.46\pic18-lt\cxx-framework\src\traditional\proc\p18f8722.asm
                    TRISC   0x000f94       data     extern E:\c18v3.46\pic18-lt\cxx-framework\src\traditional\proc\p18f8722.asm
                TRISCbits   0x000f94       data     extern E:\c18v3.46\pic18-lt\cxx-framework\src\traditional\proc\p18f8722.asm
                    TRISD   0x000f95       data     extern E:\c18v3.46\pic18-lt\cxx-framework\src\traditional\proc\p18f8722.asm
                TRISDbits   0x000f95       data     extern E:\c18v3.46\pic18-lt\cxx-framework\src\traditional\proc\p18f8722.asm
                    TRISE   0x000f96       data     extern E:\c18v3.46\pic18-lt\cxx-framework\src\traditional\proc\p18f8722.asm
                TRISEbits   0x000f96       data     extern E:\c18v3.46\pic18-lt\cxx-framework\src\traditional\proc\p18f8722.asm
                    TRISF   0x000f97       data     extern E:\c18v3.46\pic18-lt\cxx-framework\src\traditional\proc\p18f8722.asm
                TRISFbits   0x000f97       data     extern E:\c18v3.46\pic18-lt\cxx-framework\src\traditional\proc\p18f8722.asm
                    TRISG   0x000f98       data     extern E:\c18v3.46\pic18-lt\cxx-framework\src\traditional\proc\p18f8722.asm
                TRISGbits   0x000f98       data     extern E:\c18v3.46\pic18-lt\cxx-framework\src\traditional\proc\p18f8722.asm
                    TRISH   0x000f99       data     extern E:\c18v3.46\pic18-lt\cxx-framework\src\traditional\proc\p18f8722.asm
                TRISHbits   0x000f99       data     extern E:\c18v3.46\pic18-lt\cxx-framework\src\traditional\proc\p18f8722.asm
                    TRISJ   0x000f9a       data     extern E:\c18v3.46\pic18-lt\cxx-framework\src\traditional\proc\p18f8722.asm
                TRISJbits   0x000f9a       data     extern E:\c18v3.46\pic18-lt\cxx-framework\src\traditional\proc\p18f8722.asm
                    TXREG   0x000fad       data     extern E:\c18v3.46\pic18-lt\cxx-framework\src\traditional\proc\p18f8722.asm
                   TXREG1   0x000fad       data     extern E:\c18v3.46\pic18-lt\cxx-framework\src\traditional\proc\p18f8722.asm
                   TXREG2   0x000f6d       data     extern E:\c18v3.46\pic18-lt\cxx-framework\src\traditional\proc\p18f8722.asm
                    TXSTA   0x000fac       data     extern E:\c18v3.46\pic18-lt\cxx-framework\src\traditional\proc\p18f8722.asm
                   TXSTA1   0x000fac       data     extern E:\c18v3.46\pic18-lt\cxx-framework\src\traditional\proc\p18f8722.asm
               TXSTA1bits   0x000fac       data     extern E:\c18v3.46\pic18-lt\cxx-framework\src\traditional\proc\p18f8722.asm
                   TXSTA2   0x000f6c       data     extern E:\c18v3.46\pic18-lt\cxx-framework\src\traditional\proc\p18f8722.asm
               TXSTA2bits   0x000f6c       data     extern E:\c18v3.46\pic18-lt\cxx-framework\src\traditional\proc\p18f8722.asm
                TXSTAbits   0x000fac       data     extern E:\c18v3.46\pic18-lt\cxx-framework\src\traditional\proc\p18f8722.asm
            USART1_Status   0x0000ff       data     extern E:\c18v3.46\pic18-lt\cxx-framework\src\pmc_common\USART\u1defs.c
                   WDTCON   0x000fd1       data     extern E:\c18v3.46\pic18-lt\cxx-framework\src\traditional\proc\p18f8722.asm
               WDTCONbits   0x000fd1       data     extern E:\c18v3.46\pic18-lt\cxx-framework\src\traditional\proc\p18f8722.asm
                     WREG   0x000fe8       data     extern E:\c18v3.46\pic18-lt\cxx-framework\src\traditional\proc\p18f8722.asm
                 __AARGB0   0x000009       data     extern E:\c18v3.46\pic18-lt\cxx-framework\src\traditional\math\aarg.asm
                 __AARGB1   0x000008       data     extern E:\c18v3.46\pic18-lt\cxx-framework\src\traditional\math\aarg.asm
                 __AARGB2   0x000007       data     extern E:\c18v3.46\pic18-lt\cxx-framework\src\traditional\math\aarg.asm
                 __AARGB3   0x000006       data     extern E:\c18v3.46\pic18-lt\cxx-framework\src\traditional\math\aarg.asm
                 __AARGB4   0x000005       data     extern E:\c18v3.46\pic18-lt\cxx-framework\src\traditional\math\aarg.asm
                 __AARGB5   0x000004       data     extern E:\c18v3.46\pic18-lt\cxx-framework\src\traditional\math\aarg.asm
                 __AARGB6   0x000003       data     extern E:\c18v3.46\pic18-lt\cxx-framework\src\traditional\math\aarg.asm
                 __AARGB7   0x000002       data     extern E:\c18v3.46\pic18-lt\cxx-framework\src\traditional\math\aarg.asm
                   __AEXP   0x00000a       data     extern E:\c18v3.46\pic18-lt\cxx-framework\src\traditional\math\aarg.asm
                 __BARGB0   0x00000e       data     extern E:\c18v3.46\pic18-lt\cxx-framework\src\traditional\math\barg.asm
                 __BARGB1   0x00000d       data     extern E:\c18v3.46\pic18-lt\cxx-framework\src\traditional\math\barg.asm
                 __BARGB2   0x00000c       data     extern E:\c18v3.46\pic18-lt\cxx-framework\src\traditional\math\barg.asm
                 __BARGB3   0x00000b       data     extern E:\c18v3.46\pic18-lt\cxx-framework\src\traditional\math\barg.asm
                   __BEXP   0x00000f       data     extern E:\c18v3.46\pic18-lt\cxx-framework\src\traditional\math\barg.asm
                __FPFLAGS   0x000001       data     extern E:\c18v3.46\pic18-lt\cxx-framework\src\traditional\math\cmath18.asm
            __FPFLAGSbits   0x000001       data     extern E:\c18v3.46\pic18-lt\cxx-framework\src\traditional\math\cmath18.asm
                  __REMB0   0x000005       data     extern E:\c18v3.46\pic18-lt\cxx-framework\src\traditional\math\aarg.asm
                  __REMB1   0x000004       data     extern E:\c18v3.46\pic18-lt\cxx-framework\src\traditional\math\aarg.asm
                  __REMB2   0x000003       data     extern E:\c18v3.46\pic18-lt\cxx-framework\src\traditional\math\aarg.asm
                  __REMB3   0x000002       data     extern E:\c18v3.46\pic18-lt\cxx-framework\src\traditional\math\aarg.asm
                   __TEMP   0x000013       data     extern E:\c18v3.46\pic18-lt\cxx-framework\src\traditional\math\temparg.asm
                 __TEMPB0   0x000013       data     extern E:\c18v3.46\pic18-lt\cxx-framework\src\traditional\math\temparg.asm
                 __TEMPB1   0x000012       data     extern E:\c18v3.46\pic18-lt\cxx-framework\src\traditional\math\temparg.asm
                 __TEMPB2   0x000011       data     extern E:\c18v3.46\pic18-lt\cxx-framework\src\traditional\math\temparg.asm
                 __TEMPB3   0x000010       data     extern E:\c18v3.46\pic18-lt\cxx-framework\src\traditional\math\temparg.asm
                  __tmp_0   0x000014       data     static E:\c18v3.46\pic18-lt\cxx-framework\src\pmc_common\USART\u1open.c
                  __tmp_0   0x000014       data     static C:\Users\JO\Desktop\Firmware\source\MMD.c
                  __tmp_0   0x000014       data     static C:\Users\JO\Desktop\Firmware\source\digitdisplay.c
                  __tmp_0   0x000014       data     static C:\Users\JO\Desktop\Firmware\source\board.c
                  __tmp_0   0x000014       data     static C:\Users\JO\Desktop\Firmware\source\app.c
                  __tmp_0   0x000014       data     static C:\Users\JO\Desktop\Firmware\modbus\mb.c
                  __tmp_0   0x000014       data     static C:\Users\JO\Desktop\Firmware\modbus\portserial.c
                  __tmp_0   0x000014       data     static C:\Users\JO\Desktop\Firmware\modbus\rtu\mbcrc.c
                  __tmp_0   0x000014       data     static C:\Users\JO\Desktop\Firmware\modbus\functions\mbutils.c
                  __tmp_0   0x000014       data     static C:\Users\JO\Desktop\Firmware\modbus\functions\mbfuncother.c
                  __tmp_0   0x000014       data     static C:\Users\JO\Desktop\Firmware\modbus\functions\mbfuncinput.c
                  __tmp_0   0x000014       data     static C:\Users\JO\Desktop\Firmware\modbus\functions\mbfuncholding.c
                  __tmp_0   0x000014       data     static C:\Users\JO\Desktop\Firmware\modbus\functions\mbfuncdisc.c
                  __tmp_0   0x000014       data     static C:\Users\JO\Desktop\Firmware\modbus\functions\mbfunccoils.c
                  __tmp_0   0x000014       data     static C:\Users\JO\Desktop\Firmware\modbus\rtu\mbrtu.c
                      app   0x000100       data     extern C:\Users\JO\Desktop\Firmware\source\app.c
           comUpdateCount   0x000171       data     extern C:\Users\JO\Desktop\Firmware\source\timer.c
                    count   0x00016b       data     extern C:\Users\JO\Desktop\Firmware\source\timer.c
                curr_byte   0x000189       data     static E:\c18v3.46\pic18-lt\cxx-framework\src\traditional\startup\c018i.c
               curr_entry   0x00018b       data     static E:\c18v3.46\pic18-lt\cxx-framework\src\traditional\startup\c018i.c
                     data   0x000135       data     extern C:\Users\JO\Desktop\Firmware\source\app.c
                 data_ptr   0x00018d       data     static E:\c18v3.46\pic18-lt\cxx-framework\src\traditional\startup\c018i.c
             digitDisplay   0x0000a1       data     extern C:\Users\JO\Desktop\Firmware\source\digitdisplay.c
               eException   0x0000fa       data     static C:\Users\JO\Desktop\Firmware\modbus\mb.c
           eMBCurrentMode   0x0000d5       data     static C:\Users\JO\Desktop\Firmware\modbus\mb.c
                 eMBState   0x000060       data     static C:\Users\JO\Desktop\Firmware\modbus\mb.c
             eQueuedEvent   0x0000fd       data     static C:\Users\JO\Desktop\Firmware\modbus\portevent.c
                eRcvState   0x000191       data     static C:\Users\JO\Desktop\Firmware\modbus\rtu\mbrtu.c
                eSndState   0x000190       data     static C:\Users\JO\Desktop\Firmware\modbus\rtu\mbrtu.c
           heartBeatCount   0x00016d       data     extern C:\Users\JO\Desktop\Firmware\source\timer.c
                 iSRState   0x0003b5       data     extern C:\Users\JO\Desktop\Firmware\source\MMD.c
       keypadUpdate_count   0x00016f       data     extern C:\Users\JO\Desktop\Firmware\source\timer.c
                 ledState   0x000193       data     extern C:\Users\JO\Desktop\Firmware\source\heartBeat.c
                 ledState   0x000192       data     static C:\Users\JO\Desktop\Firmware\source\board.c
                mmdConfig   0x00012f       data     extern C:\Users\JO\Desktop\Firmware\source\app.c
               mmdSegment   0x000300       data     extern C:\Users\JO\Desktop\Firmware\source\MMD.c
           mmdUpdateCount   0x000173       data     extern C:\Users\JO\Desktop\Firmware\source\timer.c
      peMBFrameReceiveCur   0x0000df       data     static C:\Users\JO\Desktop\Firmware\modbus\mb.c
         peMBFrameSendCur   0x0000d6       data     static C:\Users\JO\Desktop\Firmware\modbus\mb.c
                     prom   0x000186       data     static E:\c18v3.46\pic18-lt\cxx-framework\src\traditional\startup\c018i.c
          pucSndBufferCur   0x0002fa       data     static C:\Users\JO\Desktop\Firmware\modbus\rtu\mbrtu.c
        pvMBFrameCloseCur   0x0000e2       data     static C:\Users\JO\Desktop\Firmware\modbus\mb.c
        pvMBFrameStartCur   0x0000d9       data     static C:\Users\JO\Desktop\Firmware\modbus\mb.c
         pvMBFrameStopCur   0x0000dc       data     static C:\Users\JO\Desktop\Firmware\modbus\mb.c
  pxMBFrameCBByteReceived   0x0000e5       data     extern C:\Users\JO\Desktop\Firmware\modbus\mb.c
 pxMBFrameCBReceiveFSMCur   0x0000ee       data     extern C:\Users\JO\Desktop\Firmware\modbus\mb.c
pxMBFrameCBTransmitFSMCur   0x0000f1       data     extern C:\Users\JO\Desktop\Firmware\modbus\mb.c
pxMBFrameCBTransmitterEmpty   0x0000e8       data     extern C:\Users\JO\Desktop\Firmware\modbus\mb.c
   pxMBPortCBTimerExpired   0x0000eb       data     extern C:\Users\JO\Desktop\Firmware\modbus\mb.c
                   reload   0x0000fb       data     extern C:\Users\JO\Desktop\Firmware\modbus\porttimer.c
[...]
                 PIR3bits   0x000fa4       data     extern E:\c18v3.46\pic18-lt\cxx-framework\src\traditional\proc\p18f8722.asm
                     PIR3   0x000fa4       data     extern E:\c18v3.46\pic18-lt\cxx-framework\src\traditional\proc\p18f8722.asm
                 IPR3bits   0x000fa5       data     extern E:\c18v3.46\pic18-lt\cxx-framework\src\traditional\proc\p18f8722.asm
                     IPR3   0x000fa5       data     extern E:\c18v3.46\pic18-lt\cxx-framework\src\traditional\proc\p18f8722.asm
                   EECON1   0x000fa6       data     extern E:\c18v3.46\pic18-lt\cxx-framework\src\traditional\proc\p18f8722.asm
               EECON1bits   0x000fa6       data     extern E:\c18v3.46\pic18-lt\cxx-framework\src\traditional\proc\p18f8722.asm
                   EECON2   0x000fa7       data     extern E:\c18v3.46\pic18-lt\cxx-framework\src\traditional\proc\p18f8722.asm
                   EEDATA   0x000fa8       data     extern E:\c18v3.46\pic18-lt\cxx-framework\src\traditional\proc\p18f8722.asm
                    EEADR   0x000fa9       data     extern E:\c18v3.46\pic18-lt\cxx-framework\src\traditional\proc\p18f8722.asm
                   EEADRH   0x000faa       data     extern E:\c18v3.46\pic18-lt\cxx-framework\src\traditional\proc\p18f8722.asm
                    RCSTA   0x000fab       data     extern E:\c18v3.46\pic18-lt\cxx-framework\src\traditional\proc\p18f8722.asm
                   RCSTA1   0x000fab       data     extern E:\c18v3.46\pic18-lt\cxx-framework\src\traditional\proc\p18f8722.asm
               RCSTA1bits   0x000fab       data     extern E:\c18v3.46\pic18-lt\cxx-framework\src\traditional\proc\p18f8722.asm
                RCSTAbits   0x000fab       data     extern E:\c18v3.46\pic18-lt\cxx-framework\src\traditional\proc\p18f8722.asm
                TXSTAbits   0x000fac       data     extern E:\c18v3.46\pic18-lt\cxx-framework\src\traditional\proc\p18f8722.asm
               TXSTA1bits   0x000fac       data     extern E:\c18v3.46\pic18-lt\cxx-framework\src\traditional\proc\p18f8722.asm
                   TXSTA1   0x000fac       data     extern E:\c18v3.46\pic18-lt\cxx-framework\src\traditional\proc\p18f8722.asm
                    TXSTA   0x000fac       data     extern E:\c18v3.46\pic18-lt\cxx-framework\src\traditional\proc\p18f8722.asm
                   TXREG1   0x000fad       data     extern E:\c18v3.46\pic18-lt\cxx-framework\src\traditional\proc\p18f8722.asm
                    TXREG   0x000fad       data     extern E:\c18v3.46\pic18-lt\cxx-framework\src\traditional\proc\p18f8722.asm
                    RCREG   0x000fae       data     extern E:\c18v3.46\pic18-lt\cxx-framework\src\traditional\proc\p18f8722.asm
                   RCREG1   0x000fae       data     extern E:\c18v3.46\pic18-lt\cxx-framework\src\traditional\proc\p18f8722.asm
                   SPBRG1   0x000faf       data     extern E:\c18v3.46\pic18-lt\cxx-framework\src\traditional\proc\p18f8722.asm
                    SPBRG   0x000faf       data     extern E:\c18v3.46\pic18-lt\cxx-framework\src\traditional\proc\p18f8722.asm
                   PSPCON   0x000fb0       data     extern E:\c18v3.46\pic18-lt\cxx-framework\src\traditional\proc\p18f8722.asm
               PSPCONbits   0x000fb0       data     extern E:\c18v3.46\pic18-lt\cxx-framework\src\traditional\proc\p18f8722.asm
                T3CONbits   0x000fb1       data     extern E:\c18v3.46\pic18-lt\cxx-framework\src\traditional\proc\p18f8722.asm
                    T3CON   0x000fb1       data     extern E:\c18v3.46\pic18-lt\cxx-framework\src\traditional\proc\p18f8722.asm
                    TMR3L   0x000fb2       data     extern E:\c18v3.46\pic18-lt\cxx-framework\src\traditional\proc\p18f8722.asm
                    TMR3H   0x000fb3       data     extern E:\c18v3.46\pic18-lt\cxx-framework\src\traditional\proc\p18f8722.asm
                    CMCON   0x000fb4       data     extern E:\c18v3.46\pic18-lt\cxx-framework\src\traditional\proc\p18f8722.asm
                CMCONbits   0x000fb4       data     extern E:\c18v3.46\pic18-lt\cxx-framework\src\traditional\proc\p18f8722.asm
               CVRCONbits   0x000fb5       data     extern E:\c18v3.46\pic18-lt\cxx-framework\src\traditional\proc\p18f8722.asm
                   CVRCON   0x000fb5       data     extern E:\c18v3.46\pic18-lt\cxx-framework\src\traditional\proc\p18f8722.asm
              ECCP1ASbits   0x000fb6       data     extern E:\c18v3.46\pic18-lt\cxx-framework\src\traditional\proc\p18f8722.asm
                  ECCP1AS   0x000fb6       data     extern E:\c18v3.46\pic18-lt\cxx-framework\src\traditional\proc\p18f8722.asm
              CCP3CONbits   0x000fb7       data     extern E:\c18v3.46\pic18-lt\cxx-framework\src\traditional\proc\p18f8722.asm
                  CCP3CON   0x000fb7       data     extern E:\c18v3.46\pic18-lt\cxx-framework\src\traditional\proc\p18f8722.asm
             ECCP3CONbits   0x000fb7       data     extern E:\c18v3.46\pic18-lt\cxx-framework\src\traditional\proc\p18f8722.asm
                 ECCP3CON   0x000fb7       data     extern E:\c18v3.46\pic18-lt\cxx-framework\src\traditional\proc\p18f8722.asm
                    CCPR3   0x000fb8       data     extern E:\c18v3.46\pic18-lt\cxx-framework\src\traditional\proc\p18f8722.asm
                   CCPR3L   0x000fb8       data     extern E:\c18v3.46\pic18-lt\cxx-framework\src\traditional\proc\p18f8722.asm
                   CCPR3H   0x000fb9       data     extern E:\c18v3.46\pic18-lt\cxx-framework\src\traditional\proc\p18f8722.asm
              CCP2CONbits   0x000fba       data     extern E:\c18v3.46\pic18-lt\cxx-framework\src\traditional\proc\p18f8722.asm
                  CCP2CON   0x000fba       data     extern E:\c18v3.46\pic18-lt\cxx-framework\src\traditional\proc\p18f8722.asm
             ECCP2CONbits   0x000fba       data     extern E:\c18v3.46\pic18-lt\cxx-framework\src\traditional\proc\p18f8722.asm
                 ECCP2CON   0x000fba       data     extern E:\c18v3.46\pic18-lt\cxx-framework\src\traditional\proc\p18f8722.asm
                    CCPR2   0x000fbb       data     extern E:\c18v3.46\pic18-lt\cxx-framework\src\traditional\proc\p18f8722.asm
                   CCPR2L   0x000fbb       data     extern E:\c18v3.46\pic18-lt\cxx-framework\src\traditional\proc\p18f8722.asm
                   CCPR2H   0x000fbc       data     extern E:\c18v3.46\pic18-lt\cxx-framework\src\traditional\proc\p18f8722.asm
                  CCP1CON   0x000fbd       data     extern E:\c18v3.46\pic18-lt\cxx-framework\src\traditional\proc\p18f8722.asm
              CCP1CONbits   0x000fbd       data     extern E:\c18v3.46\pic18-lt\cxx-framework\src\traditional\proc\p18f8722.asm
             ECCP1CONbits   0x000fbd       data     extern E:\c18v3.46\pic18-lt\cxx-framework\src\traditional\proc\p18f8722.asm
                 ECCP1CON   0x000fbd       data     extern E:\c18v3.46\pic18-lt\cxx-framework\src\traditional\proc\p18f8722.asm
                    CCPR1   0x000fbe       data     extern E:\c18v3.46\pic18-lt\cxx-framework\src\traditional\proc\p18f8722.asm
                   CCPR1L   0x000fbe       data     extern E:\c18v3.46\pic18-lt\cxx-framework\src\traditional\proc\p18f8722.asm
                   CCPR1H   0x000fbf       data     extern E:\c18v3.46\pic18-lt\cxx-framework\src\traditional\proc\p18f8722.asm
                   ADCON2   0x000fc0       data     extern E:\c18v3.46\pic18-lt\cxx-framework\src\traditional\proc\p18f8722.asm
               ADCON2bits   0x000fc0       data     extern E:\c18v3.46\pic18-lt\cxx-framework\src\traditional\proc\p18f8722.asm
                   ADCON1   0x000fc1       data     extern E:\c18v3.46\pic18-lt\cxx-framework\src\traditional\proc\p18f8722.asm
               ADCON1bits   0x000fc1       data     extern E:\c18v3.46\pic18-lt\cxx-framework\src\traditional\proc\p18f8722.asm
                   ADCON0   0x000fc2       data     extern E:\c18v3.46\pic18-lt\cxx-framework\src\traditional\proc\p18f8722.asm
               ADCON0bits   0x000fc2       data     extern E:\c18v3.46\pic18-lt\cxx-framework\src\traditional\proc\p18f8722.asm
                    ADRES   0x000fc3       data     extern E:\c18v3.46\pic18-lt\cxx-framework\src\traditional\proc\p18f8722.asm
                   ADRESL   0x000fc3       data     extern E:\c18v3.46\pic18-lt\cxx-framework\src\traditional\proc\p18f8722.asm
                   ADRESH   0x000fc4       data     extern E:\c18v3.46\pic18-lt\cxx-framework\src\traditional\proc\p18f8722.asm
                 SSP1CON2   0x000fc5       data     extern E:\c18v3.46\pic18-lt\cxx-framework\src\traditional\proc\p18f8722.asm
             SSP1CON2bits   0x000fc5       data     extern E:\c18v3.46\pic18-lt\cxx-framework\src\traditional\proc\p18f8722.asm
                  SSPCON2   0x000fc5       data     extern E:\c18v3.46\pic18-lt\cxx-framework\src\traditional\proc\p18f8722.asm
              SSPCON2bits   0x000fc5       data     extern E:\c18v3.46\pic18-lt\cxx-framework\src\traditional\proc\p18f8722.asm
              SSPCON1bits   0x000fc6       data     extern E:\c18v3.46\pic18-lt\cxx-framework\src\traditional\proc\p18f8722.asm
                 SSP1CON1   0x000fc6       data     extern E:\c18v3.46\pic18-lt\cxx-framework\src\traditional\proc\p18f8722.asm
                  SSPCON1   0x000fc6       data     extern E:\c18v3.46\pic18-lt\cxx-framework\src\traditional\proc\p18f8722.asm
             SSP1CON1bits   0x000fc6       data     extern E:\c18v3.46\pic18-lt\cxx-framework\src\traditional\proc\p18f8722.asm
                  SSPSTAT   0x000fc7       data     extern E:\c18v3.46\pic18-lt\cxx-framework\src\traditional\proc\p18f8722.asm
              SSPSTATbits   0x000fc7       data     extern E:\c18v3.46\pic18-lt\cxx-framework\src\traditional\proc\p18f8722.asm
                 SSP1STAT   0x000fc7       data     extern E:\c18v3.46\pic18-lt\cxx-framework\src\traditional\proc\p18f8722.asm
             SSP1STATbits   0x000fc7       data     extern E:\c18v3.46\pic18-lt\cxx-framework\src\traditional\proc\p18f8722.asm
                  SSP1ADD   0x000fc8       data     extern E:\c18v3.46\pic18-lt\cxx-framework\src\traditional\proc\p18f8722.asm
                   SSPADD   0x000fc8       data     extern E:\c18v3.46\pic18-lt\cxx-framework\src\traditional\proc\p18f8722.asm
                  SSP1BUF   0x000fc9       data     extern E:\c18v3.46\pic18-lt\cxx-framework\src\traditional\proc\p18f8722.asm
                   SSPBUF   0x000fc9       data     extern E:\c18v3.46\pic18-lt\cxx-framework\src\traditional\proc\p18f8722.asm
                T2CONbits   0x000fca       data     extern E:\c18v3.46\pic18-lt\cxx-framework\src\traditional\proc\p18f8722.asm
                    T2CON   0x000fca       data     extern E:\c18v3.46\pic18-lt\cxx-framework\src\traditional\proc\p18f8722.asm
                      PR2   0x000fcb       data     extern E:\c18v3.46\pic18-lt\cxx-framework\src\traditional\proc\p18f8722.asm
                     TMR2   0x000fcc       data     extern E:\c18v3.46\pic18-lt\cxx-framework\src\traditional\proc\p18f8722.asm
                    T1CON   0x000fcd       data     extern E:\c18v3.46\pic18-lt\cxx-framework\src\traditional\proc\p18f8722.asm
                T1CONbits   0x000fcd       data     extern E:\c18v3.46\pic18-lt\cxx-framework\src\traditional\proc\p18f8722.asm
                    TMR1L   0x000fce       data     extern E:\c18v3.46\pic18-lt\cxx-framework\src\traditional\proc\p18f8722.asm
                    TMR1H   0x000fcf       data     extern E:\c18v3.46\pic18-lt\cxx-framework\src\traditional\proc\p18f8722.asm
                 RCONbits   0x000fd0       data     extern E:\c18v3.46\pic18-lt\cxx-framework\src\traditional\proc\p18f8722.asm
                     RCON   0x000fd0       data     extern E:\c18v3.46\pic18-lt\cxx-framework\src\traditional\proc\p18f8722.asm
               WDTCONbits   0x000fd1       data     extern E:\c18v3.46\pic18-lt\cxx-framework\src\traditional\proc\p18f8722.asm
                   WDTCON   0x000fd1       data     extern E:\c18v3.46\pic18-lt\cxx-framework\src\traditional\proc\p18f8722.asm
                  HLVDCON   0x000fd2       data     extern E:\c18v3.46\pic18-lt\cxx-framework\src\traditional\proc\p18f8722.asm
              HLVDCONbits   0x000fd2       data     extern E:\c18v3.46\pic18-lt\cxx-framework\src\traditional\proc\p18f8722.asm
                   LVDCON   0x000fd2       data     extern E:\c18v3.46\pic18-lt\cxx-framework\src\traditional\proc\p18f8722.asm
               LVDCONbits   0x000fd2       data     extern E:\c18v3.46\pic18-lt\cxx-framework\src\traditional\proc\p18f8722.asm
               OSCCONbits   0x000fd3       data     extern E:\c18v3.46\pic18-lt\cxx-framework\src\traditional\proc\p18f8722.asm
                   OSCCON   0x000fd3       data     extern E:\c18v3.46\pic18-lt\cxx-framework\src\traditional\proc\p18f8722.asm
                    T0CON   0x000fd5       data     extern E:\c18v3.46\pic18-lt\cxx-framework\src\traditional\proc\p18f8722.asm
                T0CONbits   0x000fd5       data     extern E:\c18v3.46\pic18-lt\cxx-framework\src\traditional\proc\p18f8722.asm
                    TMR0L   0x000fd6       data     extern E:\c18v3.46\pic18-lt\cxx-framework\src\traditional\proc\p18f8722.asm
                    TMR0H   0x000fd7       data     extern E:\c18v3.46\pic18-lt\cxx-framework\src\traditional\proc\p18f8722.asm
                   STATUS   0x000fd8       data     extern E:\c18v3.46\pic18-lt\cxx-framework\src\traditional\proc\p18f8722.asm
               STATUSbits   0x000fd8       data     extern E:\c18v3.46\pic18-lt\cxx-framework\src\traditional\proc\p18f8722.asm
                    FSR2L   0x000fd9       data     extern E:\c18v3.46\pic18-lt\cxx-framework\src\traditional\proc\p18f8722.asm
                     FSR2   0x000fd9       data     extern E:\c18v3.46\pic18-lt\cxx-framework\src\traditional\proc\p18f8722.asm
                    FSR2H   0x000fda       data     extern E:\c18v3.46\pic18-lt\cxx-framework\src\traditional\proc\p18f8722.asm
                   PLUSW2   0x000fdb       data     extern E:\c18v3.46\pic18-lt\cxx-framework\src\traditional\proc\p18f8722.asm
                  PREINC2   0x000fdc       data     extern E:\c18v3.46\pic18-lt\cxx-framework\src\traditional\proc\p18f8722.asm
                 POSTDEC2   0x000fdd       data     extern E:\c18v3.46\pic18-lt\cxx-framework\src\traditional\proc\p18f8722.asm
                 POSTINC2   0x000fde       data     extern E:\c18v3.46\pic18-lt\cxx-framework\src\traditional\proc\p18f8722.asm
                    INDF2   0x000fdf       data     extern E:\c18v3.46\pic18-lt\cxx-framework\src\traditional\proc\p18f8722.asm
                      BSR   0x000fe0       data     extern E:\c18v3.46\pic18-lt\cxx-framework\src\traditional\proc\p18f8722.asm
                    FSR1L   0x000fe1       data     extern E:\c18v3.46\pic18-lt\cxx-framework\src\traditional\proc\p18f8722.asm
                     FSR1   0x000fe1       data     extern E:\c18v3.46\pic18-lt\cxx-framework\src\traditional\proc\p18f8722.asm
                    FSR1H   0x000fe2       data     extern E:\c18v3.46\pic18-lt\cxx-framework\src\traditional\proc\p18f8722.asm
                   PLUSW1   0x000fe3       data     extern E:\c18v3.46\pic18-lt\cxx-framework\src\traditional\proc\p18f8722.asm
                  PREINC1   0x000fe4       data     extern E:\c18v3.46\pic18-lt\cxx-framework\src\traditional\proc\p18f8722.asm
                 POSTDEC1   0x000fe5       data     extern E:\c18v3.46\pic18-lt\cxx-framework\src\traditional\proc\p18f8722.asm
                 POSTINC1   0x000fe6       data     extern E:\c18v3.46\pic18-lt\cxx-framework\src\traditional\proc\p18f8722.asm
                    INDF1   0x000fe7       data     extern E:\c18v3.46\pic18-lt\cxx-framework\src\traditional\proc\p18f8722.asm
                     WREG   0x000fe8       data     extern E:\c18v3.46\pic18-lt\cxx-framework\src\traditional\proc\p18f8722.asm
                     FSR0   0x000fe9       data     extern E:\c18v3.46\pic18-lt\cxx-framework\src\traditional\proc\p18f8722.asm
                    FSR0L   0x000fe9       data     extern E:\c18v3.46\pic18-lt\cxx-framework\src\traditional\proc\p18f8722.asm
                    FSR0H   0x000fea       data     extern E:\c18v3.46\pic18-lt\cxx-framework\src\traditional\proc\p18f8722.asm
                   PLUSW0   0x000feb       data     extern E:\c18v3.46\pic18-lt\cxx-framework\src\traditional\proc\p18f8722.asm
                  PREINC0   0x000fec       data     extern E:\c18v3.46\pic18-lt\cxx-framework\src\traditional\proc\p18f8722.asm
                 POSTDEC0   0x000fed       data     extern E:\c18v3.46\pic18-lt\cxx-framework\src\traditional\proc\p18f8722.asm
                 POSTINC0   0x000fee       data     extern E:\c18v3.46\pic18-lt\cxx-framework\src\traditional\proc\p18f8722.asm
                    INDF0   0x000fef       data     extern E:\c18v3.46\pic18-lt\cxx-framework\src\traditional\proc\p18f8722.asm
              INTCON3bits   0x000ff0       data     extern E:\c18v3.46\pic18-lt\cxx-framework\src\traditional\proc\p18f8722.asm
                  INTCON3   0x000ff0       data     extern E:\c18v3.46\pic18-lt\cxx-framework\src\traditional\proc\p18f8722.asm
              INTCON2bits   0x000ff1       data     extern E:\c18v3.46\pic18-lt\cxx-framework\src\traditional\proc\p18f8722.asm
                  INTCON2   0x000ff1       data     extern E:\c18v3.46\pic18-lt\cxx-framework\src\traditional\proc\p18f8722.asm
               INTCONbits   0x000ff2       data     extern E:\c18v3.46\pic18-lt\cxx-framework\src\traditional\proc\p18f8722.asm
                   INTCON   0x000ff2       data     extern E:\c18v3.46\pic18-lt\cxx-framework\src\traditional\proc\p18f8722.asm
                     PROD   0x000ff3       data     extern E:\c18v3.46\pic18-lt\cxx-framework\src\traditional\proc\p18f8722.asm
                    PRODL   0x000ff3       data     extern E:\c18v3.46\pic18-lt\cxx-framework\src\traditional\proc\p18f8722.asm
                    PRODH   0x000ff4       data     extern E:\c18v3.46\pic18-lt\cxx-framework\src\traditional\proc\p18f8722.asm
                   TABLAT   0x000ff5       data     extern E:\c18v3.46\pic18-lt\cxx-framework\src\traditional\proc\p18f8722.asm
                  TBLPTRL   0x000ff6       data     extern E:\c18v3.46\pic18-lt\cxx-framework\src\traditional\proc\p18f8722.asm
                   TBLPTR   0x000ff6       data     extern E:\c18v3.46\pic18-lt\cxx-framework\src\traditional\proc\p18f8722.asm
                  TBLPTRH   0x000ff7       data     extern E:\c18v3.46\pic18-lt\cxx-framework\src\traditional\proc\p18f8722.asm
                  TBLPTRU   0x000ff8       data     extern E:\c18v3.46\pic18-lt\cxx-framework\src\traditional\proc\p18f8722.asm
                      PCL   0x000ff9       data     extern E:\c18v3.46\pic18-lt\cxx-framework\src\traditional\proc\p18f8722.asm
                       PC   0x000ff9       data     extern E:\c18v3.46\pic18-lt\cxx-framework\src\traditional\proc\p18f8722.asm
                   PCLATH   0x000ffa       data     extern E:\c18v3.46\pic18-lt\cxx-framework\src\traditional\proc\p18f8722.asm
                   PCLATU   0x000ffb       data     extern E:\c18v3.46\pic18-lt\cxx-framework\src\traditional\proc\p18f8722.asm
               STKPTRbits   0x000ffc       data     extern E:\c18v3.46\pic18-lt\cxx-framework\src\traditional\proc\p18f8722.asm
                   STKPTR   0x000ffc       data     extern E:\c18v3.46\pic18-lt\cxx-framework\src\traditional\proc\p18f8722.asm
                      TOS   0x000ffd       data     extern E:\c18v3.46\pic18-lt\cxx-framework\src\traditional\proc\p18f8722.asm
                     TOSL   0x000ffd       data     extern E:\c18v3.46\pic18-lt\cxx-framework\src\traditional\proc\p18f8722.asm
                     TOSH   0x000ffe       data     extern E:\c18v3.46\pic18-lt\cxx-framework\src\traditional\proc\p18f8722.asm
                     TOSU   0x000fff       data     extern E:\c18v3.46\pic18-lt\cxx-framework\src\traditional\proc\p18f8722.asm


